Archive member included to satisfy reference by file (symbol)

c:/ac6/systemworkbench/plugins/fr.ac6.mcu.externaltools.arm-none.win32_1.17.0.201812190825/tools/compiler/bin/../lib/gcc/arm-none-eabi/7.3.1/thumb/v7e-m/fpv4-sp/hard\libgcc.a(_aeabi_uldivmod.o)
                              Drivers/STM32F4xx_HAL_Driver/Src/stm32f4xx_hal_rcc.o (__aeabi_uldivmod)
c:/ac6/systemworkbench/plugins/fr.ac6.mcu.externaltools.arm-none.win32_1.17.0.201812190825/tools/compiler/bin/../lib/gcc/arm-none-eabi/7.3.1/thumb/v7e-m/fpv4-sp/hard\libgcc.a(_udivmoddi4.o)
                              c:/ac6/systemworkbench/plugins/fr.ac6.mcu.externaltools.arm-none.win32_1.17.0.201812190825/tools/compiler/bin/../lib/gcc/arm-none-eabi/7.3.1/thumb/v7e-m/fpv4-sp/hard\libgcc.a(_aeabi_uldivmod.o) (__udivmoddi4)
c:/ac6/systemworkbench/plugins/fr.ac6.mcu.externaltools.arm-none.win32_1.17.0.201812190825/tools/compiler/bin/../lib/gcc/arm-none-eabi/7.3.1/thumb/v7e-m/fpv4-sp/hard\libgcc.a(_dvmd_tls.o)
                              c:/ac6/systemworkbench/plugins/fr.ac6.mcu.externaltools.arm-none.win32_1.17.0.201812190825/tools/compiler/bin/../lib/gcc/arm-none-eabi/7.3.1/thumb/v7e-m/fpv4-sp/hard\libgcc.a(_aeabi_uldivmod.o) (__aeabi_ldiv0)
c:/ac6/systemworkbench/plugins/fr.ac6.mcu.externaltools.arm-none.win32_1.17.0.201812190825/tools/compiler/bin/../lib/gcc/arm-none-eabi/7.3.1/../../../../arm-none-eabi/lib/thumb/v7e-m/fpv4-sp/hard\libc_nano.a(lib_a-errno.o)
                              Core/Src/syscalls.o (__errno)
c:/ac6/systemworkbench/plugins/fr.ac6.mcu.externaltools.arm-none.win32_1.17.0.201812190825/tools/compiler/bin/../lib/gcc/arm-none-eabi/7.3.1/../../../../arm-none-eabi/lib/thumb/v7e-m/fpv4-sp/hard\libc_nano.a(lib_a-exit.o)
                              c:/ac6/systemworkbench/plugins/fr.ac6.mcu.externaltools.arm-none.win32_1.17.0.201812190825/tools/compiler/bin/../lib/gcc/arm-none-eabi/7.3.1/../../../../arm-none-eabi/lib/thumb/v7e-m/fpv4-sp/hard/crt0.o (exit)
c:/ac6/systemworkbench/plugins/fr.ac6.mcu.externaltools.arm-none.win32_1.17.0.201812190825/tools/compiler/bin/../lib/gcc/arm-none-eabi/7.3.1/../../../../arm-none-eabi/lib/thumb/v7e-m/fpv4-sp/hard\libc_nano.a(lib_a-impure.o)
                              c:/ac6/systemworkbench/plugins/fr.ac6.mcu.externaltools.arm-none.win32_1.17.0.201812190825/tools/compiler/bin/../lib/gcc/arm-none-eabi/7.3.1/../../../../arm-none-eabi/lib/thumb/v7e-m/fpv4-sp/hard\libc_nano.a(lib_a-exit.o) (_global_impure_ptr)
c:/ac6/systemworkbench/plugins/fr.ac6.mcu.externaltools.arm-none.win32_1.17.0.201812190825/tools/compiler/bin/../lib/gcc/arm-none-eabi/7.3.1/../../../../arm-none-eabi/lib/thumb/v7e-m/fpv4-sp/hard\libc_nano.a(lib_a-init.o)
                              c:/ac6/systemworkbench/plugins/fr.ac6.mcu.externaltools.arm-none.win32_1.17.0.201812190825/tools/compiler/bin/../lib/gcc/arm-none-eabi/7.3.1/../../../../arm-none-eabi/lib/thumb/v7e-m/fpv4-sp/hard/crt0.o (__libc_init_array)
c:/ac6/systemworkbench/plugins/fr.ac6.mcu.externaltools.arm-none.win32_1.17.0.201812190825/tools/compiler/bin/../lib/gcc/arm-none-eabi/7.3.1/../../../../arm-none-eabi/lib/thumb/v7e-m/fpv4-sp/hard\libc_nano.a(lib_a-memcpy-stub.o)
                              Core/Src/RFModSTM32f4x.o (memcpy)
c:/ac6/systemworkbench/plugins/fr.ac6.mcu.externaltools.arm-none.win32_1.17.0.201812190825/tools/compiler/bin/../lib/gcc/arm-none-eabi/7.3.1/../../../../arm-none-eabi/lib/thumb/v7e-m/fpv4-sp/hard\libc_nano.a(lib_a-memset.o)
                              c:/ac6/systemworkbench/plugins/fr.ac6.mcu.externaltools.arm-none.win32_1.17.0.201812190825/tools/compiler/bin/../lib/gcc/arm-none-eabi/7.3.1/../../../../arm-none-eabi/lib/thumb/v7e-m/fpv4-sp/hard/crt0.o (memset)
c:/ac6/systemworkbench/plugins/fr.ac6.mcu.externaltools.arm-none.win32_1.17.0.201812190825/tools/compiler/bin/../lib/gcc/arm-none-eabi/7.3.1/../../../../arm-none-eabi/lib/thumb/v7e-m/fpv4-sp/hard\libc_nano.a(lib_a-strcat.o)
                              Core/Src/main.o (strcat)
c:/ac6/systemworkbench/plugins/fr.ac6.mcu.externaltools.arm-none.win32_1.17.0.201812190825/tools/compiler/bin/../lib/gcc/arm-none-eabi/7.3.1/../../../../arm-none-eabi/lib/thumb/v7e-m/fpv4-sp/hard\libc_nano.a(lib_a-strlen.o)
                              Core/Src/main.o (strlen)

Allocating common symbols
Common symbol       size              file

_rxBits             0x2               Core/Src/RFModSTM32f4x.o
_txIndex            0x1               Core/Src/RFModSTM32f4x.o
_rxBom              0x2               Core/Src/RFModSTM32f4x.o
_rxBitCount         0x1               Core/Src/RFModSTM32f4x.o
uwTick              0x4               Drivers/STM32F4xx_HAL_Driver/Src/stm32f4xx_hal.o
pFlash              0x20              Drivers/STM32F4xx_HAL_Driver/Src/stm32f4xx_hal_flash.o
_modo               0x1               Core/Src/RFModSTM32f4x.o
_txBom              0x2               Core/Src/RFModSTM32f4x.o
_rxCount            0x1               Core/Src/RFModSTM32f4x.o
[...]
Memory Configuration

Name             Origin             Length             Attributes
RAM              0x20000000         0x00018000         xrw
FLASH            0x08000000         0x00080000         xr
*default*        0x00000000         0xffffffff

Linker script and memory map

LOAD c:/ac6/systemworkbench/plugins/fr.ac6.mcu.externaltools.arm-none.win32_1.17.0.201812190825/tools/compiler/bin/../lib/gcc/arm-none-eabi/7.3.1/thumb/v7e-m/fpv4-sp/hard/crti.o
LOAD c:/ac6/systemworkbench/plugins/fr.ac6.mcu.externaltools.arm-none.win32_1.17.0.201812190825/tools/compiler/bin/../lib/gcc/arm-none-eabi/7.3.1/thumb/v7e-m/fpv4-sp/hard/crtbegin.o
LOAD c:/ac6/systemworkbench/plugins/fr.ac6.mcu.externaltools.arm-none.win32_1.17.0.201812190825/tools/compiler/bin/../lib/gcc/arm-none-eabi/7.3.1/../../../../arm-none-eabi/lib/thumb/v7e-m/fpv4-sp/hard/crt0.o
LOAD Core/Src/RFModSTM32f4x.o
LOAD Core/Src/main.o
LOAD Core/Src/stm32f4xx_hal_msp.o
LOAD Core/Src/stm32f4xx_it.o
LOAD Core/Src/syscalls.o
LOAD Core/Src/system_stm32f4xx.o
LOAD Drivers/STM32F4xx_HAL_Driver/Src/stm32f4xx_hal.o
LOAD Drivers/STM32F4xx_HAL_Driver/Src/stm32f4xx_hal_cortex.o
LOAD Drivers/STM32F4xx_HAL_Driver/Src/stm32f4xx_hal_dma.o
LOAD Drivers/STM32F4xx_HAL_Driver/Src/stm32f4xx_hal_dma_ex.o
LOAD Drivers/STM32F4xx_HAL_Driver/Src/stm32f4xx_hal_exti.o
LOAD Drivers/STM32F4xx_HAL_Driver/Src/stm32f4xx_hal_flash.o
LOAD Drivers/STM32F4xx_HAL_Driver/Src/stm32f4xx_hal_flash_ex.o
LOAD Drivers/STM32F4xx_HAL_Driver/Src/stm32f4xx_hal_flash_ramfunc.o
LOAD Drivers/STM32F4xx_HAL_Driver/Src/stm32f4xx_hal_gpio.o
LOAD Drivers/STM32F4xx_HAL_Driver/Src/stm32f4xx_hal_pwr.o
LOAD Drivers/STM32F4xx_HAL_Driver/Src/stm32f4xx_hal_pwr_ex.o
LOAD Drivers/STM32F4xx_HAL_Driver/Src/stm32f4xx_hal_rcc.o
LOAD Drivers/STM32F4xx_HAL_Driver/Src/stm32f4xx_hal_rcc_ex.o
LOAD Drivers/STM32F4xx_HAL_Driver/Src/stm32f4xx_hal_tim.o
LOAD Drivers/STM32F4xx_HAL_Driver/Src/stm32f4xx_hal_tim_ex.o
LOAD Drivers/STM32F4xx_HAL_Driver/Src/stm32f4xx_hal_uart.o
LOAD startup/startup_stm32f401xe.o
LOAD c:/ac6/systemworkbench/plugins/fr.ac6.mcu.externaltools.arm-none.win32_1.17.0.201812190825/tools/compiler/bin/../lib/gcc/arm-none-eabi/7.3.1/../../../../arm-none-eabi/lib/thumb/v7e-m/fpv4-sp/hard\libm.a
START GROUP
LOAD c:/ac6/systemworkbench/plugins/fr.ac6.mcu.externaltools.arm-none.win32_1.17.0.201812190825/tools/compiler/bin/../lib/gcc/arm-none-eabi/7.3.1/thumb/v7e-m/fpv4-sp/hard\libgcc.a
LOAD c:/ac6/systemworkbench/plugins/fr.ac6.mcu.externaltools.arm-none.win32_1.17.0.201812190825/tools/compiler/bin/../lib/gcc/arm-none-eabi/7.3.1/../../../../arm-none-eabi/lib/thumb/v7e-m/fpv4-sp/hard\libc_nano.a
END GROUP
START GROUP
LOAD c:/ac6/systemworkbench/plugins/fr.ac6.mcu.externaltools.arm-none.win32_1.17.0.201812190825/tools/compiler/bin/../lib/gcc/arm-none-eabi/7.3.1/thumb/v7e-m/fpv4-sp/hard\libgcc.a
LOAD c:/ac6/systemworkbench/plugins/fr.ac6.mcu.externaltools.arm-none.win32_1.17.0.201812190825/tools/compiler/bin/../lib/gcc/arm-none-eabi/7.3.1/../../../../arm-none-eabi/lib/thumb/v7e-m/fpv4-sp/hard\libc_nano.a
LOAD c:/ac6/systemworkbench/plugins/fr.ac6.mcu.externaltools.arm-none.win32_1.17.0.201812190825/tools/compiler/bin/../lib/gcc/arm-none-eabi/7.3.1/../../../../arm-none-eabi/lib/thumb/v7e-m/fpv4-sp/hard\libnosys.a
END GROUP
START GROUP
LOAD c:/ac6/systemworkbench/plugins/fr.ac6.mcu.externaltools.arm-none.win32_1.17.0.201812190825/tools/compiler/bin/../lib/gcc/arm-none-eabi/7.3.1/thumb/v7e-m/fpv4-sp/hard\libgcc.a
LOAD c:/ac6/systemworkbench/plugins/fr.ac6.mcu.externaltools.arm-none.win32_1.17.0.201812190825/tools/compiler/bin/../lib/gcc/arm-none-eabi/7.3.1/../../../../arm-none-eabi/lib/thumb/v7e-m/fpv4-sp/hard\libc_nano.a
LOAD c:/ac6/systemworkbench/plugins/fr.ac6.mcu.externaltools.arm-none.win32_1.17.0.201812190825/tools/compiler/bin/../lib/gcc/arm-none-eabi/7.3.1/../../../../arm-none-eabi/lib/thumb/v7e-m/fpv4-sp/hard\libnosys.a
END GROUP
LOAD c:/ac6/systemworkbench/plugins/fr.ac6.mcu.externaltools.arm-none.win32_1.17.0.201812190825/tools/compiler/bin/../lib/gcc/arm-none-eabi/7.3.1/thumb/v7e-m/fpv4-sp/hard/crtend.o
LOAD c:/ac6/systemworkbench/plugins/fr.ac6.mcu.externaltools.arm-none.win32_1.17.0.201812190825/tools/compiler/bin/../lib/gcc/arm-none-eabi/7.3.1/thumb/v7e-m/fpv4-sp/hard/crtn.o
                0x20018000                _estack = 0x20018000
                0x00000200                _Min_Heap_Size = 0x200
                0x00000400                _Min_Stack_Size = 0x400

.isr_vector     0x08000000      0x194
                0x08000000                . = ALIGN (0x4)
 *(.isr_vector)
 .isr_vector    0x08000000      0x194 startup/startup_stm32f401xe.o
                0x08000000                g_pfnVectors
                0x08000194                . = ALIGN (0x4)

.text           0x08000194     0x1c84
                0x08000194                . = ALIGN (0x4)
 *(.text)
 .text          0x08000194       0x40 c:/ac6/systemworkbench/plugins/fr.ac6.mcu.externaltools.arm-none.win32_1.17.0.201812190825/tools/compiler/bin/../lib/gcc/arm-none-eabi/7.3.1/thumb/v7e-m/fpv4-sp/hard/crtbegin.o
 .text          0x080001d4       0x30 c:/ac6/systemworkbench/plugins/fr.ac6.mcu.externaltools.arm-none.win32_1.17.0.201812190825/tools/compiler/bin/../lib/gcc/arm-none-eabi/7.3.1/thumb/v7e-m/fpv4-sp/hard\libgcc.a(_aeabi_uldivmod.o)
                0x080001d4                __aeabi_uldivmod
 .text          0x08000204      0x2cc c:/ac6/systemworkbench/plugins/fr.ac6.mcu.externaltools.arm-none.win32_1.17.0.201812190825/tools/compiler/bin/../lib/gcc/arm-none-eabi/7.3.1/thumb/v7e-m/fpv4-sp/hard\libgcc.a(_udivmoddi4.o)
                0x08000204                __udivmoddi4
 .text          0x080004d0        0x4 c:/ac6/systemworkbench/plugins/fr.ac6.mcu.externaltools.arm-none.win32_1.17.0.201812190825/tools/compiler/bin/../lib/gcc/arm-none-eabi/7.3.1/thumb/v7e-m/fpv4-sp/hard\libgcc.a(_dvmd_tls.o)
                0x080004d0                __aeabi_idiv0
                0x080004d0                __aeabi_ldiv0
 .text          0x080004d4       0x10 c:/ac6/systemworkbench/plugins/fr.ac6.mcu.externaltools.arm-none.win32_1.17.0.201812190825/tools/compiler/bin/../lib/gcc/arm-none-eabi/7.3.1/../../../../arm-none-eabi/lib/thumb/v7e-m/fpv4-sp/hard\libc_nano.a(lib_a-strlen.o)
                0x080004d4                strlen
 *(.text*)
 .text.poeModoTx
                0x080004e4       0x30 Core/Src/RFModSTM32f4x.o
                0x080004e4                poeModoTx
 .text.poeModoParado
                0x08000514       0x28 Core/Src/RFModSTM32f4x.o
                0x08000514                poeModoParado
 .text.simbolo_para_nibble
                0x0800053c       0x28 Core/Src/RFModSTM32f4x.o
                0x0800053c                simbolo_para_nibble
 .text.TimerRecb
                0x08000564      0x178 Core/Src/RFModSTM32f4x.o
                0x08000564                TimerRecb
 .text.TimerEnvia
                0x080006dc       0x9c Core/Src/RFModSTM32f4x.o
                0x080006dc                TimerEnvia
 .text.TimerRotinaInterrupcao
                0x08000778       0x28 Core/Src/RFModSTM32f4x.o
                0x08000778                TimerRotinaInterrupcao
 .text.Inicia_Mod_RF
                0x080007a0       0x30 Core/Src/RFModSTM32f4x.o
                0x080007a0                Inicia_Mod_RF
 .text.esperaEnvio
                0x080007d0       0x14 Core/Src/RFModSTM32f4x.o
                0x080007d0                esperaEnvio
 .text.txBom    0x080007e4        0xc Core/Src/RFModSTM32f4x.o
                0x080007e4                txBom
 .text.atualiza_crc_xmodem
                0x080007f0       0x26 Core/Src/RFModSTM32f4x.o
                0x080007f0                atualiza_crc_xmodem
 *fill*         0x08000816        0x2 
 .text.envia    0x08000818       0xc4 Core/Src/RFModSTM32f4x.o
                0x08000818                envia
 .text.MX_GPIO_Init
                0x080008dc       0xe0 Core/Src/main.o
 .text.Error_Handler
                0x080009bc        0x4 Core/Src/main.o
                0x080009bc                Error_Handler
 .text.MX_TIM1_Init
                0x080009c0       0x6c Core/Src/main.o
 .text.MX_USART2_UART_Init
                0x08000a2c       0x34 Core/Src/main.o
 .text.SystemClock_Config
                0x08000a60       0xa8 Core/Src/main.o
                0x08000a60                SystemClock_Config
 .text.main     0x08000b08       0x74 Core/Src/main.o
                0x08000b08                main
 .text.HAL_MspInit
                0x08000b7c       0x40 Core/Src/stm32f4xx_hal_msp.o
                0x08000b7c                HAL_MspInit
 .text.HAL_TIM_Base_MspInit
                0x08000bbc       0x40 Core/Src/stm32f4xx_hal_msp.o
                0x08000bbc                HAL_TIM_Base_MspInit
 .text.HAL_UART_MspInit
                0x08000bfc       0x6c Core/Src/stm32f4xx_hal_msp.o
                0x08000bfc                HAL_UART_MspInit
 .text.NMI_Handler
                0x08000c68        0x2 Core/Src/stm32f4xx_it.o
                0x08000c68                NMI_Handler
 .text.HardFault_Handler
                0x08000c6a        0x2 Core/Src/stm32f4xx_it.o
                0x08000c6a                HardFault_Handler
 .text.MemManage_Handler
                0x08000c6c        0x2 Core/Src/stm32f4xx_it.o
                0x08000c6c                MemManage_Handler
 .text.BusFault_Handler
                0x08000c6e        0x2 Core/Src/stm32f4xx_it.o
                0x08000c6e                BusFault_Handler
 .text.UsageFault_Handler
                0x08000c70        0x2 Core/Src/stm32f4xx_it.o
                0x08000c70                UsageFault_Handler
 .text.SVC_Handler
                0x08000c72        0x2 Core/Src/stm32f4xx_it.o
                0x08000c72                SVC_Handler
 .text.DebugMon_Handler
                0x08000c74        0x2 Core/Src/stm32f4xx_it.o
                0x08000c74                DebugMon_Handler
 .text.PendSV_Handler
                0x08000c76        0x2 Core/Src/stm32f4xx_it.o
                0x08000c76                PendSV_Handler
 .text.SysTick_Handler
                0x08000c78        0x8 Core/Src/stm32f4xx_it.o
                0x08000c78                SysTick_Handler
 .text.TIM1_UP_TIM10_IRQHandler
                0x08000c80       0x14 Core/Src/stm32f4xx_it.o
                0x08000c80                TIM1_UP_TIM10_IRQHandler
 .text.SystemInit
                0x08000c94       0x1c Core/Src/system_stm32f4xx.o
                0x08000c94                SystemInit
 .text.HAL_InitTick
                0x08000cb0       0x48 Drivers/STM32F4xx_HAL_Driver/Src/stm32f4xx_hal.o
                0x08000cb0                HAL_InitTick
 .text.HAL_Init
                0x08000cf8       0x34 Drivers/STM32F4xx_HAL_Driver/Src/stm32f4xx_hal.o
                0x08000cf8                HAL_Init
 .text.HAL_IncTick
                0x08000d2c       0x18 Drivers/STM32F4xx_HAL_Driver/Src/stm32f4xx_hal.o
                0x08000d2c                HAL_IncTick
 .text.HAL_GetTick
                0x08000d44        0xc Drivers/STM32F4xx_HAL_Driver/Src/stm32f4xx_hal.o
                0x08000d44                HAL_GetTick
 .text.HAL_Delay
                0x08000d50       0x28 Drivers/STM32F4xx_HAL_Driver/Src/stm32f4xx_hal.o
                0x08000d50                HAL_Delay
 .text.HAL_NVIC_SetPriorityGrouping
                0x08000d78       0x24 Drivers/STM32F4xx_HAL_Driver/Src/stm32f4xx_hal_cortex.o
                0x08000d78                HAL_NVIC_SetPriorityGrouping
 .text.HAL_NVIC_SetPriority
                0x08000d9c       0x68 Drivers/STM32F4xx_HAL_Driver/Src/stm32f4xx_hal_cortex.o
                0x08000d9c                HAL_NVIC_SetPriority
 .text.HAL_NVIC_EnableIRQ
                0x08000e04       0x1c Drivers/STM32F4xx_HAL_Driver/Src/stm32f4xx_hal_cortex.o
                0x08000e04                HAL_NVIC_EnableIRQ
 .text.HAL_SYSTICK_Config
                0x08000e20       0x2c Drivers/STM32F4xx_HAL_Driver/Src/stm32f4xx_hal_cortex.o
                0x08000e20                HAL_SYSTICK_Config
 .text.HAL_GPIO_Init
                0x08000e4c      0x1a4 Drivers/STM32F4xx_HAL_Driver/Src/stm32f4xx_hal_gpio.o
                0x08000e4c                HAL_GPIO_Init
 .text.HAL_GPIO_ReadPin
                0x08000ff0        0xe Drivers/STM32F4xx_HAL_Driver/Src/stm32f4xx_hal_gpio.o
                0x08000ff0                HAL_GPIO_ReadPin
 .text.HAL_GPIO_WritePin
                0x08000ffe        0xc Drivers/STM32F4xx_HAL_Driver/Src/stm32f4xx_hal_gpio.o
                0x08000ffe                HAL_GPIO_WritePin
 *fill*         0x0800100a        0x2 
 .text.HAL_RCC_OscConfig
                0x0800100c      0x3ec Drivers/STM32F4xx_HAL_Driver/Src/stm32f4xx_hal_rcc.o
                0x0800100c                HAL_RCC_OscConfig
 .text.HAL_RCC_GetSysClockFreq
                0x080013f8       0xd8 Drivers/STM32F4xx_HAL_Driver/Src/stm32f4xx_hal_rcc.o
                0x080013f8                HAL_RCC_GetSysClockFreq
 .text.HAL_RCC_ClockConfig
                0x080014d0      0x160 Drivers/STM32F4xx_HAL_Driver/Src/stm32f4xx_hal_rcc.o
                0x080014d0                HAL_RCC_ClockConfig
 .text.HAL_RCC_GetHCLKFreq
                0x08001630        0xc Drivers/STM32F4xx_HAL_Driver/Src/stm32f4xx_hal_rcc.o
                0x08001630                HAL_RCC_GetHCLKFreq
 .text.HAL_RCC_GetPCLK1Freq
                0x0800163c       0x20 Drivers/STM32F4xx_HAL_Driver/Src/stm32f4xx_hal_rcc.o
                0x0800163c                HAL_RCC_GetPCLK1Freq
 .text.HAL_RCC_GetPCLK2Freq
                0x0800165c       0x20 Drivers/STM32F4xx_HAL_Driver/Src/stm32f4xx_hal_rcc.o
                0x0800165c                HAL_RCC_GetPCLK2Freq
 .text.TIM_TI1_ConfigInputStage
                0x0800167c       0x26 Drivers/STM32F4xx_HAL_Driver/Src/stm32f4xx_hal_tim.o
 .text.TIM_TI2_ConfigInputStage
                0x080016a2       0x28 Drivers/STM32F4xx_HAL_Driver/Src/stm32f4xx_hal_tim.o
 .text.TIM_ITRx_SetConfig
                0x080016ca       0x10 Drivers/STM32F4xx_HAL_Driver/Src/stm32f4xx_hal_tim.o
 .text.HAL_TIM_Base_Start_IT
                0x080016da       0x22 Drivers/STM32F4xx_HAL_Driver/Src/stm32f4xx_hal_tim.o
                0x080016da                HAL_TIM_Base_Start_IT
 .text.HAL_TIM_PeriodElapsedCallback
                0x080016fc        0x2 Drivers/STM32F4xx_HAL_Driver/Src/stm32f4xx_hal_tim.o
                0x080016fc                HAL_TIM_PeriodElapsedCallback
 .text.HAL_TIM_OC_DelayElapsedCallback
                0x080016fe        0x2 Drivers/STM32F4xx_HAL_Driver/Src/stm32f4xx_hal_tim.o
                0x080016fe                HAL_TIM_OC_DelayElapsedCallback
 .text.HAL_TIM_IC_CaptureCallback
                0x08001700        0x2 Drivers/STM32F4xx_HAL_Driver/Src/stm32f4xx_hal_tim.o
                0x08001700                HAL_TIM_IC_CaptureCallback
 .text.HAL_TIM_PWM_PulseFinishedCallback
                0x08001702        0x2 Drivers/STM32F4xx_HAL_Driver/Src/stm32f4xx_hal_tim.o
                0x08001702                HAL_TIM_PWM_PulseFinishedCallback
 .text.HAL_TIM_TriggerCallback
                0x08001704        0x2 Drivers/STM32F4xx_HAL_Driver/Src/stm32f4xx_hal_tim.o
                0x08001704                HAL_TIM_TriggerCallback
 .text.HAL_TIM_IRQHandler
                0x08001706      0x17a Drivers/STM32F4xx_HAL_Driver/Src/stm32f4xx_hal_tim.o
                0x08001706                HAL_TIM_IRQHandler
 .text.TIM_Base_SetConfig
                0x08001880       0x9c Drivers/STM32F4xx_HAL_Driver/Src/stm32f4xx_hal_tim.o
                0x08001880                TIM_Base_SetConfig
 .text.HAL_TIM_Base_Init
                0x0800191c       0x32 Drivers/STM32F4xx_HAL_Driver/Src/stm32f4xx_hal_tim.o
                0x0800191c                HAL_TIM_Base_Init
 .text.TIM_ETR_SetConfig
                0x0800194e       0x18 Drivers/STM32F4xx_HAL_Driver/Src/stm32f4xx_hal_tim.o
                0x0800194e                TIM_ETR_SetConfig
 .text.HAL_TIM_ConfigClockSource
                0x08001966       0xda Drivers/STM32F4xx_HAL_Driver/Src/stm32f4xx_hal_tim.o
                0x08001966                HAL_TIM_ConfigClockSource
 .text.HAL_TIMEx_MasterConfigSynchronization
                0x08001a40       0x78 Drivers/STM32F4xx_HAL_Driver/Src/stm32f4xx_hal_tim_ex.o
                0x08001a40                HAL_TIMEx_MasterConfigSynchronization
 .text.HAL_TIMEx_CommutCallback
                0x08001ab8        0x2 Drivers/STM32F4xx_HAL_Driver/Src/stm32f4xx_hal_tim_ex.o
                0x08001ab8                HAL_TIMEx_CommutCallback
 .text.HAL_TIMEx_BreakCallback
                0x08001aba        0x2 Drivers/STM32F4xx_HAL_Driver/Src/stm32f4xx_hal_tim_ex.o
                0x08001aba                HAL_TIMEx_BreakCallback
 .text.UART_SetConfig
                0x08001abc      0x218 Drivers/STM32F4xx_HAL_Driver/Src/stm32f4xx_hal_uart.o
 .text.HAL_UART_Init
                0x08001cd4       0x5e Drivers/STM32F4xx_HAL_Driver/Src/stm32f4xx_hal_uart.o
                0x08001cd4                HAL_UART_Init
 *fill*         0x08001d32        0x2 
 .text.Reset_Handler
                0x08001d34       0x50 startup/startup_stm32f401xe.o
                0x08001d34                Reset_Handler
 .text.Default_Handler
                0x08001d84        0x2 startup/startup_stm32f401xe.o
                0x08001d84                RTC_Alarm_IRQHandler
                0x08001d84                EXTI2_IRQHandler
                0x08001d84                SPI4_IRQHandler
                0x08001d84                TIM1_CC_IRQHandler
                0x08001d84                DMA2_Stream5_IRQHandler
                0x08001d84                DMA1_Stream5_IRQHandler
                0x08001d84                PVD_IRQHandler
                0x08001d84                SDIO_IRQHandler
                0x08001d84                TAMP_STAMP_IRQHandler
                0x08001d84                EXTI3_IRQHandler
                0x08001d84                I2C3_ER_IRQHandler
                0x08001d84                EXTI0_IRQHandler
                0x08001d84                I2C2_EV_IRQHandler
                0x08001d84                DMA1_Stream2_IRQHandler
                0x08001d84                FPU_IRQHandler
                0x08001d84                DMA2_Stream2_IRQHandler
                0x08001d84                SPI1_IRQHandler
                0x08001d84                TIM1_BRK_TIM9_IRQHandler
                0x08001d84                DMA2_Stream3_IRQHandler
                0x08001d84                USART6_IRQHandler
                0x08001d84                DMA2_Stream0_IRQHandler
                0x08001d84                TIM4_IRQHandler
                0x08001d84                I2C1_EV_IRQHandler
                0x08001d84                DMA1_Stream6_IRQHandler
                0x08001d84                DMA1_Stream1_IRQHandler
                0x08001d84                TIM3_IRQHandler
                0x08001d84                RCC_IRQHandler
                0x08001d84                Default_Handler
                0x08001d84                EXTI15_10_IRQHandler
                0x08001d84                ADC_IRQHandler
                0x08001d84                DMA1_Stream7_IRQHandler
                0x08001d84                TIM5_IRQHandler
                0x08001d84                DMA2_Stream7_IRQHandler
                0x08001d84                I2C3_EV_IRQHandler
                0x08001d84                EXTI9_5_IRQHandler
                0x08001d84                RTC_WKUP_IRQHandler
                0x08001d84                SPI2_IRQHandler
                0x08001d84                DMA1_Stream0_IRQHandler
                0x08001d84                EXTI4_IRQHandler
                0x08001d84                WWDG_IRQHandler
                0x08001d84                TIM2_IRQHandler
                0x08001d84                OTG_FS_WKUP_IRQHandler
                0x08001d84                TIM1_TRG_COM_TIM11_IRQHandler
                0x08001d84                EXTI1_IRQHandler
                0x08001d84                USART2_IRQHandler
                0x08001d84                I2C2_ER_IRQHandler
                0x08001d84                DMA2_Stream1_IRQHandler
                0x08001d84                FLASH_IRQHandler
                0x08001d84                DMA2_Stream4_IRQHandler
                0x08001d84                USART1_IRQHandler
                0x08001d84                OTG_FS_IRQHandler
                0x08001d84                SPI3_IRQHandler
                0x08001d84                DMA1_Stream4_IRQHandler
                0x08001d84                I2C1_ER_IRQHandler
                0x08001d84                DMA2_Stream6_IRQHandler
                0x08001d84                DMA1_Stream3_IRQHandler
 *fill*         0x08001d86        0x2 
 .text.__libc_init_array
                0x08001d88       0x48 c:/ac6/systemworkbench/plugins/fr.ac6.mcu.externaltools.arm-none.win32_1.17.0.201812190825/tools/compiler/bin/../lib/gcc/arm-none-eabi/7.3.1/../../../../arm-none-eabi/lib/thumb/v7e-m/fpv4-sp/hard\libc_nano.a(lib_a-init.o)
                0x08001d88                __libc_init_array
 .text.memset   0x08001dd0       0x10 c:/ac6/systemworkbench/plugins/fr.ac6.mcu.externaltools.arm-none.win32_1.17.0.201812190825/tools/compiler/bin/../lib/gcc/arm-none-eabi/7.3.1/../../../../arm-none-eabi/lib/thumb/v7e-m/fpv4-sp/hard\libc_nano.a(lib_a-memset.o)
                0x08001dd0                memset
 .text.strcat   0x08001de0       0x1e c:/ac6/systemworkbench/plugins/fr.ac6.mcu.externaltools.arm-none.win32_1.17.0.201812190825/tools/compiler/bin/../lib/gcc/arm-none-eabi/7.3.1/../../../../arm-none-eabi/lib/thumb/v7e-m/fpv4-sp/hard\libc_nano.a(lib_a-strcat.o)
                0x08001de0                strcat
 *(.glue_7)
 .glue_7        0x08001dfe        0x0 linker stubs
 *(.glue_7t)
 .glue_7t       0x08001dfe        0x0 linker stubs
 *(.eh_frame)
 *fill*         0x08001dfe        0x2 
 .eh_frame      0x08001e00        0x0 c:/ac6/systemworkbench/plugins/fr.ac6.mcu.externaltools.arm-none.win32_1.17.0.201812190825/tools/compiler/bin/../lib/gcc/arm-none-eabi/7.3.1/thumb/v7e-m/fpv4-sp/hard/crtbegin.o
 *(.init)
 .init          0x08001e00        0x4 c:/ac6/systemworkbench/plugins/fr.ac6.mcu.externaltools.arm-none.win32_1.17.0.201812190825/tools/compiler/bin/../lib/gcc/arm-none-eabi/7.3.1/thumb/v7e-m/fpv4-sp/hard/crti.o
                0x08001e00                _init
 .init          0x08001e04        0x8 c:/ac6/systemworkbench/plugins/fr.ac6.mcu.externaltools.arm-none.win32_1.17.0.201812190825/tools/compiler/bin/../lib/gcc/arm-none-eabi/7.3.1/thumb/v7e-m/fpv4-sp/hard/crtn.o
 *(.fini)
 .fini          0x08001e0c        0x4 c:/ac6/systemworkbench/plugins/fr.ac6.mcu.externaltools.arm-none.win32_1.17.0.201812190825/tools/compiler/bin/../lib/gcc/arm-none-eabi/7.3.1/thumb/v7e-m/fpv4-sp/hard/crti.o
                0x08001e0c                _fini
 .fini          0x08001e10        0x8 c:/ac6/systemworkbench/plugins/fr.ac6.mcu.externaltools.arm-none.win32_1.17.0.201812190825/tools/compiler/bin/../lib/gcc/arm-none-eabi/7.3.1/thumb/v7e-m/fpv4-sp/hard/crtn.o
                0x08001e18                . = ALIGN (0x4)
                0x08001e18                _etext = .

.vfp11_veneer   0x08001e18        0x0
 .vfp11_veneer  0x08001e18        0x0 linker stubs

.v4_bx          0x08001e18        0x0
 .v4_bx         0x08001e18        0x0 linker stubs

.iplt           0x08001e18        0x0
 .iplt          0x08001e18        0x0 c:/ac6/systemworkbench/plugins/fr.ac6.mcu.externaltools.arm-none.win32_1.17.0.201812190825/tools/compiler/bin/../lib/gcc/arm-none-eabi/7.3.1/thumb/v7e-m/fpv4-sp/hard/crtbegin.o

.rodata         0x08001e18       0x3c
                0x08001e18                . = ALIGN (0x4)
 *(.rodata)
 .rodata        0x08001e18       0x18 Core/Src/RFModSTM32f4x.o
 .rodata        0x08001e30       0x18 Core/Src/system_stm32f4xx.o
                0x08001e30                AHBPrescTable
                0x08001e40                APBPrescTable
 *(.rodata*)
 .rodata.str1.4
                0x08001e48        0xc Core/Src/main.o
                                  0xa (size before relaxing)
                0x08001e54                . = ALIGN (0x4)

.ARM.extab
 *(.ARM.extab* .gnu.linkonce.armextab.*)

.ARM            0x08001e54        0x8
                0x08001e54                __exidx_start = .
 *(.ARM.exidx*)
 .ARM.exidx     0x08001e54        0x8 c:/ac6/systemworkbench/plugins/fr.ac6.mcu.externaltools.arm-none.win32_1.17.0.201812190825/tools/compiler/bin/../lib/gcc/arm-none-eabi/7.3.1/thumb/v7e-m/fpv4-sp/hard\libgcc.a(_udivmoddi4.o)
                0x08001e5c                __exidx_end = .

.rel.dyn        0x08001e5c        0x0
 .rel.iplt      0x08001e5c        0x0 c:/ac6/systemworkbench/plugins/fr.ac6.mcu.externaltools.arm-none.win32_1.17.0.201812190825/tools/compiler/bin/../lib/gcc/arm-none-eabi/7.3.1/thumb/v7e-m/fpv4-sp/hard/crtbegin.o

.preinit_array  0x08001e5c        0x0
                0x08001e5c                PROVIDE (__preinit_array_start = .)
 *(.preinit_array*)
                0x08001e5c                PROVIDE (__preinit_array_end = .)

.init_array     0x08001e5c        0x4
                0x08001e5c                PROVIDE (__init_array_start = .)
 *(SORT_BY_NAME(.init_array.*))
 *(.init_array*)
 .init_array    0x08001e5c        0x4 c:/ac6/systemworkbench/plugins/fr.ac6.mcu.externaltools.arm-none.win32_1.17.0.201812190825/tools/compiler/bin/../lib/gcc/arm-none-eabi/7.3.1/thumb/v7e-m/fpv4-sp/hard/crtbegin.o
                0x08001e60                PROVIDE (__init_array_end = .)

.fini_array     0x08001e60        0x4
                [!provide]                PROVIDE (__fini_array_start = .)
 *(SORT_BY_NAME(.fini_array.*))
 *(.fini_array*)
 .fini_array    0x08001e60        0x4 c:/ac6/systemworkbench/plugins/fr.ac6.mcu.externaltools.arm-none.win32_1.17.0.201812190825/tools/compiler/bin/../lib/gcc/arm-none-eabi/7.3.1/thumb/v7e-m/fpv4-sp/hard/crtbegin.o
                [!provide]                PROVIDE (__fini_array_end = .)
                0x08001e64                _sidata = LOADADDR (.data)

.data           0x20000000        0xc load address 0x08001e64
                0x20000000                . = ALIGN (0x4)
                0x20000000                _sdata = .
 *(.data)
 .data          0x20000000        0x4 Core/Src/system_stm32f4xx.o
                0x20000000                SystemCoreClock
 .data          0x20000004        0x8 Drivers/STM32F4xx_HAL_Driver/Src/stm32f4xx_hal.o
                0x20000004                uwTickFreq
                0x20000008                uwTickPrio
 *(.data*)
                0x2000000c                . = ALIGN (0x4)
                0x2000000c                _edata = .

.igot.plt       0x2000000c        0x0 load address 0x08001e70
 .igot.plt      0x2000000c        0x0 c:/ac6/systemworkbench/plugins/fr.ac6.mcu.externaltools.arm-none.win32_1.17.0.201812190825/tools/compiler/bin/../lib/gcc/arm-none-eabi/7.3.1/thumb/v7e-m/fpv4-sp/hard/crtbegin.o
                0x2000000c                . = ALIGN (0x4)

.bss            0x2000000c      0x190 load address 0x08001e70
                0x2000000c                _sbss = .
                0x2000000c                __bss_start__ = _sbss
 *(.bss)
 .bss           0x2000000c       0x1c c:/ac6/systemworkbench/plugins/fr.ac6.mcu.externaltools.arm-none.win32_1.17.0.201812190825/tools/compiler/bin/../lib/gcc/arm-none-eabi/7.3.1/thumb/v7e-m/fpv4-sp/hard/crtbegin.o
 *(.bss*)
 *(COMMON)
 COMMON         0x20000028       0xef Core/Src/RFModSTM32f4x.o
                0x20000028                _rxBits
                0x2000002a                _txIndex
                0x2000002c                _rxBom
                0x2000002e                _rxBitCount
                0x2000002f                _modo
                0x20000030                _txBom
                0x20000032                _rxCount
                0x20000033                _rxRampa
                0x20000034                _rxBufCheio
                0x20000035                _rxAtivo
                0x20000036                _rxBufValido
                0x20000038                _rxRuim
                0x2000003a                _txBufTam
                0x2000003b                _txBit
                0x2000003c                _rxBufTam
                0x20000040                _rxBuf
                0x20000083                _txAmostra
                0x20000084                _rxUltAmostra
                0x20000088                _txBuf
                0x20000116                _rxIntegrador
 *fill*         0x20000117        0x1 
 COMMON         0x20000118       0x80 Core/Src/main.o
                0x20000118                htim1
                0x20000158                huart2
 COMMON         0x20000198        0x4 Drivers/STM32F4xx_HAL_Driver/Src/stm32f4xx_hal.o
                0x20000198                uwTick
                0x2000019c                . = ALIGN (0x4)
                0x2000019c                _ebss = .
                0x2000019c                __bss_end__ = _ebss

._user_heap_stack
                0x2000019c      0x604 load address 0x08001e70
                0x200001a0                . = ALIGN (0x8)
 *fill*         0x2000019c        0x4 
                0x200001a0                PROVIDE (end = .)
                [!provide]                PROVIDE (_end = .)
                0x200003a0                . = (. + _Min_Heap_Size)
 *fill*         0x200001a0      0x200 
                0x200007a0                . = (. + _Min_Stack_Size)
 *fill*         0x200003a0      0x400 
                0x200007a0                . = ALIGN (0x8)

/DISCARD/
 libc.a(*)
 libm.a(*)
 libgcc.a(*)

.ARM.attributes
                0x00000000       0x30
 *(.ARM.attributes)
 .ARM.attributes
                0x00000000       0x22 c:/ac6/systemworkbench/plugins/fr.ac6.mcu.externaltools.arm-none.win32_1.17.0.201812190825/tools/compiler/bin/../lib/gcc/arm-none-eabi/7.3.1/thumb/v7e-m/fpv4-sp/hard/crti.o
 .ARM.attributes
                0x00000022       0x34 c:/ac6/systemworkbench/plugins/fr.ac6.mcu.externaltools.arm-none.win32_1.17.0.201812190825/tools/compiler/bin/../lib/gcc/arm-none-eabi/7.3.1/thumb/v7e-m/fpv4-sp/hard/crtbegin.o
 .ARM.attributes
                0x00000056       0x39 Core/Src/RFModSTM32f4x.o
 .ARM.attributes
                0x0000008f       0x39 Core/Src/main.o
 .ARM.attributes
                0x000000c8       0x39 Core/Src/stm32f4xx_hal_msp.o
 .ARM.attributes
                0x00000101       0x39 Core/Src/stm32f4xx_it.o
 .ARM.attributes
                0x0000013a       0x39 Core/Src/system_stm32f4xx.o
 .ARM.attributes
                0x00000173       0x39 Drivers/STM32F4xx_HAL_Driver/Src/stm32f4xx_hal.o
 .ARM.attributes
                0x000001ac       0x39 Drivers/STM32F4xx_HAL_Driver/Src/stm32f4xx_hal_cortex.o
 .ARM.attributes
                0x000001e5       0x39 Drivers/STM32F4xx_HAL_Driver/Src/stm32f4xx_hal_gpio.o
 .ARM.attributes
                0x0000021e       0x39 Drivers/STM32F4xx_HAL_Driver/Src/stm32f4xx_hal_rcc.o
 .ARM.attributes
                0x00000257       0x39 Drivers/STM32F4xx_HAL_Driver/Src/stm32f4xx_hal_tim.o
 .ARM.attributes
                0x00000290       0x39 Drivers/STM32F4xx_HAL_Driver/Src/stm32f4xx_hal_tim_ex.o
 .ARM.attributes
                0x000002c9       0x39 Drivers/STM32F4xx_HAL_Driver/Src/stm32f4xx_hal_uart.o
 .ARM.attributes
                0x00000302       0x21 startup/startup_stm32f401xe.o
 .ARM.attributes
                0x00000323       0x22 c:/ac6/systemworkbench/plugins/fr.ac6.mcu.externaltools.arm-none.win32_1.17.0.201812190825/tools/compiler/bin/../lib/gcc/arm-none-eabi/7.3.1/thumb/v7e-m/fpv4-sp/hard\libgcc.a(_aeabi_uldivmod.o)
 .ARM.attributes
                0x00000345       0x34 c:/ac6/systemworkbench/plugins/fr.ac6.mcu.externaltools.arm-none.win32_1.17.0.201812190825/tools/compiler/bin/../lib/gcc/arm-none-eabi/7.3.1/thumb/v7e-m/fpv4-sp/hard\libgcc.a(_udivmoddi4.o)
 .ARM.attributes
                0x00000379       0x22 c:/ac6/systemworkbench/plugins/fr.ac6.mcu.externaltools.arm-none.win32_1.17.0.201812190825/tools/compiler/bin/../lib/gcc/arm-none-eabi/7.3.1/thumb/v7e-m/fpv4-sp/hard\libgcc.a(_dvmd_tls.o)
 .ARM.attributes
                0x0000039b       0x34 c:/ac6/systemworkbench/plugins/fr.ac6.mcu.externaltools.arm-none.win32_1.17.0.201812190825/tools/compiler/bin/../lib/gcc/arm-none-eabi/7.3.1/../../../../arm-none-eabi/lib/thumb/v7e-m/fpv4-sp/hard\libc_nano.a(lib_a-init.o)
 .ARM.attributes
                0x000003cf       0x34 c:/ac6/systemworkbench/plugins/fr.ac6.mcu.externaltools.arm-none.win32_1.17.0.201812190825/tools/compiler/bin/../lib/gcc/arm-none-eabi/7.3.1/../../../../arm-none-eabi/lib/thumb/v7e-m/fpv4-sp/hard\libc_nano.a(lib_a-memset.o)
 .ARM.attributes
                0x00000403       0x34 c:/ac6/systemworkbench/plugins/fr.ac6.mcu.externaltools.arm-none.win32_1.17.0.201812190825/tools/compiler/bin/../lib/gcc/arm-none-eabi/7.3.1/../../../../arm-none-eabi/lib/thumb/v7e-m/fpv4-sp/hard\libc_nano.a(lib_a-strcat.o)
 .ARM.attributes
                0x00000437       0x1b c:/ac6/systemworkbench/plugins/fr.ac6.mcu.externaltools.arm-none.win32_1.17.0.201812190825/tools/compiler/bin/../lib/gcc/arm-none-eabi/7.3.1/../../../../arm-none-eabi/lib/thumb/v7e-m/fpv4-sp/hard\libc_nano.a(lib_a-strlen.o)
 .ARM.attributes
                0x00000452       0x22 c:/ac6/systemworkbench/plugins/fr.ac6.mcu.externaltools.arm-none.win32_1.17.0.201812190825/tools/compiler/bin/../lib/gcc/arm-none-eabi/7.3.1/thumb/v7e-m/fpv4-sp/hard/crtn.o
OUTPUT(exemplo_RFModSTM32f4x_transmissor.elf elf32-littlearm)

.debug_info     0x00000000     0xda7d
 .debug_info    0x00000000     0x1083 Core/Src/RFModSTM32f4x.o
 .debug_info    0x00001083     0x1bc7 Core/Src/main.o
 .debug_info    0x00002c4a      0xe9e Core/Src/stm32f4xx_hal_msp.o
 .debug_info    0x00003ae8     0x111a Core/Src/stm32f4xx_it.o
 .debug_info    0x00004c02      0x583 Core/Src/system_stm32f4xx.o
 .debug_info    0x00005185      0x97a Drivers/STM32F4xx_HAL_Driver/Src/stm32f4xx_hal.o
 .debug_info    0x00005aff      0xef6 Drivers/STM32F4xx_HAL_Driver/Src/stm32f4xx_hal_cortex.o
 .debug_info    0x000069f5      0x7e4 Drivers/STM32F4xx_HAL_Driver/Src/stm32f4xx_hal_gpio.o
 .debug_info    0x000071d9      0xab9 Drivers/STM32F4xx_HAL_Driver/Src/stm32f4xx_hal_rcc.o
 .debug_info    0x00007c92     0x31d3 Drivers/STM32F4xx_HAL_Driver/Src/stm32f4xx_hal_tim.o
 .debug_info    0x0000ae65     0x14e1 Drivers/STM32F4xx_HAL_Driver/Src/stm32f4xx_hal_tim_ex.o
 .debug_info    0x0000c346     0x1715 Drivers/STM32F4xx_HAL_Driver/Src/stm32f4xx_hal_uart.o
 .debug_info    0x0000da5b       0x22 startup/startup_stm32f401xe.o

.debug_abbrev   0x00000000     0x1c9c
 .debug_abbrev  0x00000000      0x39f Core/Src/RFModSTM32f4x.o
 .debug_abbrev  0x0000039f      0x306 Core/Src/main.o
 .debug_abbrev  0x000006a5      0x1cb Core/Src/stm32f4xx_hal_msp.o
 .debug_abbrev  0x00000870      0x243 Core/Src/stm32f4xx_it.o
 .debug_abbrev  0x00000ab3      0x12b Core/Src/system_stm32f4xx.o
 .debug_abbrev  0x00000bde      0x218 Drivers/STM32F4xx_HAL_Driver/Src/stm32f4xx_hal.o
 .debug_abbrev  0x00000df6      0x328 Drivers/STM32F4xx_HAL_Driver/Src/stm32f4xx_hal_cortex.o
 .debug_abbrev  0x0000111e      0x1e7 Drivers/STM32F4xx_HAL_Driver/Src/stm32f4xx_hal_gpio.o
 .debug_abbrev  0x00001305      0x273 Drivers/STM32F4xx_HAL_Driver/Src/stm32f4xx_hal_rcc.o
 .debug_abbrev  0x00001578      0x235 Drivers/STM32F4xx_HAL_Driver/Src/stm32f4xx_hal_tim.o
 .debug_abbrev  0x000017ad      0x246 Drivers/STM32F4xx_HAL_Driver/Src/stm32f4xx_hal_tim_ex.o
 .debug_abbrev  0x000019f3      0x297 Drivers/STM32F4xx_HAL_Driver/Src/stm32f4xx_hal_uart.o
 .debug_abbrev  0x00001c8a       0x12 startup/startup_stm32f401xe.o

.debug_loc      0x00000000     0x7531
 .debug_loc     0x00000000      0x38d Core/Src/RFModSTM32f4x.o
 .debug_loc     0x0000038d       0xcf Core/Src/stm32f4xx_hal_msp.o
 .debug_loc     0x0000045c      0x13e Core/Src/system_stm32f4xx.o
 .debug_loc     0x0000059a      0x11b Drivers/STM32F4xx_HAL_Driver/Src/stm32f4xx_hal.o
 .debug_loc     0x000006b5      0x5ce Drivers/STM32F4xx_HAL_Driver/Src/stm32f4xx_hal_cortex.o
 .debug_loc     0x00000c83      0x476 Drivers/STM32F4xx_HAL_Driver/Src/stm32f4xx_hal_gpio.o
 .debug_loc     0x000010f9      0x40f Drivers/STM32F4xx_HAL_Driver/Src/stm32f4xx_hal_rcc.o
 .debug_loc     0x00001508     0x38f0 Drivers/STM32F4xx_HAL_Driver/Src/stm32f4xx_hal_tim.o
 .debug_loc     0x00004df8     0x11a0 Drivers/STM32F4xx_HAL_Driver/Src/stm32f4xx_hal_tim_ex.o
 .debug_loc     0x00005f98     0x1599 Drivers/STM32F4xx_HAL_Driver/Src/stm32f4xx_hal_uart.o

.debug_aranges  0x00000000      0xb20
 .debug_aranges
                0x00000000       0xa0 Core/Src/RFModSTM32f4x.o
 .debug_aranges
                0x000000a0       0x48 Core/Src/main.o
 .debug_aranges
                0x000000e8       0x40 Core/Src/stm32f4xx_hal_msp.o
 .debug_aranges
                0x00000128       0x68 Core/Src/stm32f4xx_it.o
 .debug_aranges
                0x00000190       0x28 Core/Src/system_stm32f4xx.o
 .debug_aranges
                0x000001b8       0xf0 Drivers/STM32F4xx_HAL_Driver/Src/stm32f4xx_hal.o
 .debug_aranges
                0x000002a8       0xa8 Drivers/STM32F4xx_HAL_Driver/Src/stm32f4xx_hal_cortex.o
 .debug_aranges
                0x00000350       0x58 Drivers/STM32F4xx_HAL_Driver/Src/stm32f4xx_hal_gpio.o
 .debug_aranges
                0x000003a8       0x88 Drivers/STM32F4xx_HAL_Driver/Src/stm32f4xx_hal_rcc.o
 .debug_aranges
                0x00000430      0x3a8 Drivers/STM32F4xx_HAL_Driver/Src/stm32f4xx_hal_tim.o
 .debug_aranges
                0x000007d8      0x150 Drivers/STM32F4xx_HAL_Driver/Src/stm32f4xx_hal_tim_ex.o
 .debug_aranges
                0x00000928      0x1d0 Drivers/STM32F4xx_HAL_Driver/Src/stm32f4xx_hal_uart.o
 .debug_aranges
                0x00000af8       0x28 startup/startup_stm32f401xe.o

.debug_ranges   0x00000000      0xb00
 .debug_ranges  0x00000000       0xc0 Core/Src/RFModSTM32f4x.o
 .debug_ranges  0x000000c0       0x38 Core/Src/main.o
 .debug_ranges  0x000000f8       0x30 Core/Src/stm32f4xx_hal_msp.o
 .debug_ranges  0x00000128       0x58 Core/Src/stm32f4xx_it.o
 .debug_ranges  0x00000180       0x18 Core/Src/system_stm32f4xx.o
 .debug_ranges  0x00000198       0xe0 Drivers/STM32F4xx_HAL_Driver/Src/stm32f4xx_hal.o
 .debug_ranges  0x00000278       0xf8 Drivers/STM32F4xx_HAL_Driver/Src/stm32f4xx_hal_cortex.o
 .debug_ranges  0x00000370       0x48 Drivers/STM32F4xx_HAL_Driver/Src/stm32f4xx_hal_gpio.o
 .debug_ranges  0x000003b8       0x90 Drivers/STM32F4xx_HAL_Driver/Src/stm32f4xx_hal_rcc.o
 .debug_ranges  0x00000448      0x398 Drivers/STM32F4xx_HAL_Driver/Src/stm32f4xx_hal_tim.o
 .debug_ranges  0x000007e0      0x140 Drivers/STM32F4xx_HAL_Driver/Src/stm32f4xx_hal_tim_ex.o
 .debug_ranges  0x00000920      0x1c0 Drivers/STM32F4xx_HAL_Driver/Src/stm32f4xx_hal_uart.o
 .debug_ranges  0x00000ae0       0x20 startup/startup_stm32f401xe.o

.debug_macro    0x00000000    0x162fe
 .debug_macro   0x00000000      0x2b7 Core/Src/RFModSTM32f4x.o
 .debug_macro   0x000002b7      0xa54 Core/Src/RFModSTM32f4x.o
 .debug_macro   0x00000d0b       0x22 Core/Src/RFModSTM32f4x.o
 .debug_macro   0x00000d2d       0x8e Core/Src/RFModSTM32f4x.o
 .debug_macro   0x00000dbb       0x51 Core/Src/RFModSTM32f4x.o
 .debug_macro   0x00000e0c       0xef Core/Src/RFModSTM32f4x.o
 .debug_macro   0x00000efb       0x6a Core/Src/RFModSTM32f4x.o
 .debug_macro   0x00000f65      0x1df Core/Src/RFModSTM32f4x.o
 .debug_macro   0x00001144       0x22 Core/Src/RFModSTM32f4x.o
 .debug_macro   0x00001166       0x5e Core/Src/RFModSTM32f4x.o
 .debug_macro   0x000011c4       0x18 Core/Src/RFModSTM32f4x.o
 .debug_macro   0x000011dc       0x35 Core/Src/RFModSTM32f4x.o
 .debug_macro   0x00001211       0x34 Core/Src/RFModSTM32f4x.o
 .debug_macro   0x00001245      0x174 Core/Src/RFModSTM32f4x.o
 .debug_macro   0x000013b9       0x58 Core/Src/RFModSTM32f4x.o
 .debug_macro   0x00001411       0x1f Core/Src/RFModSTM32f4x.o
 .debug_macro   0x00001430       0x43 Core/Src/RFModSTM32f4x.o
 .debug_macro   0x00001473       0x20 Core/Src/RFModSTM32f4x.o
 .debug_macro   0x00001493      0x18e Core/Src/RFModSTM32f4x.o
 .debug_macro   0x00001621      0x330 Core/Src/RFModSTM32f4x.o
 .debug_macro   0x00001951       0x10 Core/Src/RFModSTM32f4x.o
 .debug_macro   0x00001961       0x35 Core/Src/RFModSTM32f4x.o
 .debug_macro   0x00001996      0x294 Core/Src/RFModSTM32f4x.o
 .debug_macro   0x00001c2a       0x2e Core/Src/RFModSTM32f4x.o
 .debug_macro   0x00001c58       0x28 Core/Src/RFModSTM32f4x.o
 .debug_macro   0x00001c80       0x1c Core/Src/RFModSTM32f4x.o
 .debug_macro   0x00001c9c       0x22 Core/Src/RFModSTM32f4x.o
 .debug_macro   0x00001cbe       0xd9 Core/Src/RFModSTM32f4x.o
 .debug_macro   0x00001d97     0x102d Core/Src/RFModSTM32f4x.o
 .debug_macro   0x00002dc4      0x11f Core/Src/RFModSTM32f4x.o
 .debug_macro   0x00002ee3     0xb850 Core/Src/RFModSTM32f4x.o
 .debug_macro   0x0000e733       0x43 Core/Src/RFModSTM32f4x.o
 .debug_macro   0x0000e776     0x3659 Core/Src/RFModSTM32f4x.o
 .debug_macro   0x00011dcf       0x54 Core/Src/RFModSTM32f4x.o
 .debug_macro   0x00011e23      0x416 Core/Src/RFModSTM32f4x.o
 .debug_macro   0x00012239      0x9fe Core/Src/RFModSTM32f4x.o
 .debug_macro   0x00012c37      0x117 Core/Src/RFModSTM32f4x.o
 .debug_macro   0x00012d4e       0xf8 Core/Src/RFModSTM32f4x.o
 .debug_macro   0x00012e46       0x27 Core/Src/RFModSTM32f4x.o
 .debug_macro   0x00012e6d      0x15f Core/Src/RFModSTM32f4x.o
 .debug_macro   0x00012fcc      0x287 Core/Src/RFModSTM32f4x.o
 .debug_macro   0x00013253       0x5f Core/Src/RFModSTM32f4x.o
 .debug_macro   0x000132b2      0x236 Core/Src/RFModSTM32f4x.o
 .debug_macro   0x000134e8      0x132 Core/Src/RFModSTM32f4x.o
 .debug_macro   0x0001361a      0x264 Core/Src/RFModSTM32f4x.o
 .debug_macro   0x0001387e       0x2e Core/Src/RFModSTM32f4x.o
 .debug_macro   0x000138ac      0x11a Core/Src/RFModSTM32f4x.o
 .debug_macro   0x000139c6       0x85 Core/Src/RFModSTM32f4x.o
 .debug_macro   0x00013a4b       0x89 Core/Src/RFModSTM32f4x.o
 .debug_macro   0x00013ad4      0x8a0 Core/Src/RFModSTM32f4x.o
 .debug_macro   0x00014374       0x47 Core/Src/RFModSTM32f4x.o
 .debug_macro   0x000143bb      0x287 Core/Src/RFModSTM32f4x.o
 .debug_macro   0x00014642      0x126 Core/Src/RFModSTM32f4x.o
 .debug_macro   0x00014768       0x70 Core/Src/RFModSTM32f4x.o
 .debug_macro   0x000147d8       0x40 Core/Src/RFModSTM32f4x.o
 .debug_macro   0x00014818      0x2b5 Core/Src/main.o
 .debug_macro   0x00014acd       0xdf Core/Src/main.o
 .debug_macro   0x00014bac       0x5a Core/Src/main.o
 .debug_macro   0x00014c06      0x32a Core/Src/main.o
 .debug_macro   0x00014f30      0x1dd Core/Src/stm32f4xx_hal_msp.o
 .debug_macro   0x0001510d      0x2bf Core/Src/stm32f4xx_it.o
 .debug_macro   0x000153cc      0x1d4 Core/Src/system_stm32f4xx.o
 .debug_macro   0x000155a0      0x22e Drivers/STM32F4xx_HAL_Driver/Src/stm32f4xx_hal.o
 .debug_macro   0x000157ce      0x1ce Drivers/STM32F4xx_HAL_Driver/Src/stm32f4xx_hal_cortex.o
 .debug_macro   0x0001599c      0x204 Drivers/STM32F4xx_HAL_Driver/Src/stm32f4xx_hal_gpio.o
 .debug_macro   0x00015ba0      0x1f2 Drivers/STM32F4xx_HAL_Driver/Src/stm32f4xx_hal_rcc.o
 .debug_macro   0x00015d92      0x1cf Drivers/STM32F4xx_HAL_Driver/Src/stm32f4xx_hal_tim.o
 .debug_macro   0x00015f61      0x1ce Drivers/STM32F4xx_HAL_Driver/Src/stm32f4xx_hal_tim_ex.o
 .debug_macro   0x0001612f      0x1cf Drivers/STM32F4xx_HAL_Driver/Src/stm32f4xx_hal_uart.o

.debug_line     0x00000000     0x88f9
 .debug_line    0x00000000      0xa1f Core/Src/RFModSTM32f4x.o
 .debug_line    0x00000a1f      0x8fa Core/Src/main.o
 .debug_line    0x00001319      0x7d9 Core/Src/stm32f4xx_hal_msp.o
 .debug_line    0x00001af2      0x8cd Core/Src/stm32f4xx_it.o
 .debug_line    0x000023bf      0x793 Core/Src/system_stm32f4xx.o
 .debug_line    0x00002b52      0x970 Drivers/STM32F4xx_HAL_Driver/Src/stm32f4xx_hal.o
 .debug_line    0x000034c2      0x9c2 Drivers/STM32F4xx_HAL_Driver/Src/stm32f4xx_hal_cortex.o
 .debug_line    0x00003e84      0x8da Drivers/STM32F4xx_HAL_Driver/Src/stm32f4xx_hal_gpio.o
 .debug_line    0x0000475e      0xa03 Drivers/STM32F4xx_HAL_Driver/Src/stm32f4xx_hal_rcc.o
 .debug_line    0x00005161     0x18ba Drivers/STM32F4xx_HAL_Driver/Src/stm32f4xx_hal_tim.o
 .debug_line    0x00006a1b      0xda1 Drivers/STM32F4xx_HAL_Driver/Src/stm32f4xx_hal_tim_ex.o
 .debug_line    0x000077bc     0x10bf Drivers/STM32F4xx_HAL_Driver/Src/stm32f4xx_hal_uart.o
 .debug_line    0x0000887b       0x7e startup/startup_stm32f401xe.o

.debug_str      0x00000000    0x8ab39
 .debug_str     0x00000000    0x877ae Core/Src/RFModSTM32f4x.o
                              0x87ac3 (size before relaxing)
 .debug_str     0x000877ae      0x9fd Core/Src/main.o
                              0x88405 (size before relaxing)
 .debug_str     0x000881ab      0x477 Core/Src/stm32f4xx_hal_msp.o
                              0x85742 (size before relaxing)
 .debug_str     0x00088622       0xf5 Core/Src/stm32f4xx_it.o
                              0x87e45 (size before relaxing)
 .debug_str     0x00088717       0xc4 Core/Src/system_stm32f4xx.o
                              0x84b9f (size before relaxing)
 .debug_str     0x000887db      0x581 Drivers/STM32F4xx_HAL_Driver/Src/stm32f4xx_hal.o
                              0x8554f (size before relaxing)
 .debug_str     0x00088d5c      0x32d Drivers/STM32F4xx_HAL_Driver/Src/stm32f4xx_hal_cortex.o
                              0x852e7 (size before relaxing)
 .debug_str     0x00089089      0x1cb Drivers/STM32F4xx_HAL_Driver/Src/stm32f4xx_hal_gpio.o
                              0x84dde (size before relaxing)
 .debug_str     0x00089254      0x233 Drivers/STM32F4xx_HAL_Driver/Src/stm32f4xx_hal_rcc.o
                              0x84fb3 (size before relaxing)
 .debug_str     0x00089487      0xcf8 Drivers/STM32F4xx_HAL_Driver/Src/stm32f4xx_hal_tim.o
                              0x85cec (size before relaxing)
 .debug_str     0x0008a17f      0x464 Drivers/STM32F4xx_HAL_Driver/Src/stm32f4xx_hal_tim_ex.o
                              0x85504 (size before relaxing)
 .debug_str     0x0008a5e3      0x527 Drivers/STM32F4xx_HAL_Driver/Src/stm32f4xx_hal_uart.o
                              0x85450 (size before relaxing)
 .debug_str     0x0008ab0a       0x2f startup/startup_stm32f401xe.o
                                 0x81 (size before relaxing)

.comment        0x00000000       0x7f
 .comment       0x00000000       0x7f Core/Src/RFModSTM32f4x.o
                                 0x80 (size before relaxing)
 .comment       0x0000007f       0x80 Core/Src/main.o
 .comment       0x0000007f       0x80 Core/Src/stm32f4xx_hal_msp.o
 .comment       0x0000007f       0x80 Core/Src/stm32f4xx_it.o
 .comment       0x0000007f       0x80 Core/Src/system_stm32f4xx.o
 .comment       0x0000007f       0x80 Drivers/STM32F4xx_HAL_Driver/Src/stm32f4xx_hal.o
 .comment       0x0000007f       0x80 Drivers/STM32F4xx_HAL_Driver/Src/stm32f4xx_hal_cortex.o
 .comment       0x0000007f       0x80 Drivers/STM32F4xx_HAL_Driver/Src/stm32f4xx_hal_gpio.o
 .comment       0x0000007f       0x80 Drivers/STM32F4xx_HAL_Driver/Src/stm32f4xx_hal_rcc.o
 .comment       0x0000007f       0x80 Drivers/STM32F4xx_HAL_Driver/Src/stm32f4xx_hal_tim.o
 .comment       0x0000007f       0x80 Drivers/STM32F4xx_HAL_Driver/Src/stm32f4xx_hal_tim_ex.o
 .comment       0x0000007f       0x80 Drivers/STM32F4xx_HAL_Driver/Src/stm32f4xx_hal_uart.o

.debug_frame    0x00000000     0x1d70
 .debug_frame   0x00000000      0x184 Core/Src/RFModSTM32f4x.o
 .debug_frame   0x00000184       0xb8 Core/Src/main.o
 .debug_frame   0x0000023c       0x98 Core/Src/stm32f4xx_hal_msp.o
 .debug_frame   0x000002d4       0xc0 Core/Src/stm32f4xx_it.o
 .debug_frame   0x00000394       0x30 Core/Src/system_stm32f4xx.o
 .debug_frame   0x000003c4      0x1ec Drivers/STM32F4xx_HAL_Driver/Src/stm32f4xx_hal.o
 .debug_frame   0x000005b0      0x15c Drivers/STM32F4xx_HAL_Driver/Src/stm32f4xx_hal_cortex.o
 .debug_frame   0x0000070c       0xd8 Drivers/STM32F4xx_HAL_Driver/Src/stm32f4xx_hal_gpio.o
 .debug_frame   0x000007e4      0x184 Drivers/STM32F4xx_HAL_Driver/Src/stm32f4xx_hal_rcc.o
 .debug_frame   0x00000968      0xa90 Drivers/STM32F4xx_HAL_Driver/Src/stm32f4xx_hal_tim.o
 .debug_frame   0x000013f8      0x3b4 Drivers/STM32F4xx_HAL_Driver/Src/stm32f4xx_hal_tim_ex.o
 .debug_frame   0x000017ac      0x4f0 Drivers/STM32F4xx_HAL_Driver/Src/stm32f4xx_hal_uart.o
 .debug_frame   0x00001c9c       0x2c c:/ac6/systemworkbench/plugins/fr.ac6.mcu.externaltools.arm-none.win32_1.17.0.201812190825/tools/compiler/bin/../lib/gcc/arm-none-eabi/7.3.1/thumb/v7e-m/fpv4-sp/hard\libgcc.a(_aeabi_uldivmod.o)
 .debug_frame   0x00001cc8       0x34 c:/ac6/systemworkbench/plugins/fr.ac6.mcu.externaltools.arm-none.win32_1.17.0.201812190825/tools/compiler/bin/../lib/gcc/arm-none-eabi/7.3.1/thumb/v7e-m/fpv4-sp/hard\libgcc.a(_udivmoddi4.o)
 .debug_frame   0x00001cfc       0x2c c:/ac6/systemworkbench/plugins/fr.ac6.mcu.externaltools.arm-none.win32_1.17.0.201812190825/tools/compiler/bin/../lib/gcc/arm-none-eabi/7.3.1/../../../../arm-none-eabi/lib/thumb/v7e-m/fpv4-sp/hard\libc_nano.a(lib_a-init.o)
 .debug_frame   0x00001d28       0x20 c:/ac6/systemworkbench/plugins/fr.ac6.mcu.externaltools.arm-none.win32_1.17.0.201812190825/tools/compiler/bin/../lib/gcc/arm-none-eabi/7.3.1/../../../../arm-none-eabi/lib/thumb/v7e-m/fpv4-sp/hard\libc_nano.a(lib_a-memset.o)
 .debug_frame   0x00001d48       0x28 c:/ac6/systemworkbench/plugins/fr.ac6.mcu.externaltools.arm-none.win32_1.17.0.201812190825/tools/compiler/bin/../lib/gcc/arm-none-eabi/7.3.1/../../../../arm-none-eabi/lib/thumb/v7e-m/fpv4-sp/hard\libc_nano.a(lib_a-strcat.o)
