Archive member included to satisfy reference by file (symbol)

c:/ac6/systemworkbench/plugins/fr.ac6.mcu.externaltools.arm-none.win32_1.17.0.201812190825/tools/compiler/bin/../lib/gcc/arm-none-eabi/7.3.1/thumb/v7e-m/fpv4-sp/hard\libgcc.a(_aeabi_uldivmod.o)
                              Drivers/STM32F4xx_HAL_Driver/Src/stm32f4xx_hal_rcc.o (__aeabi_uldivmod)
c:/ac6/systemworkbench/plugins/fr.ac6.mcu.externaltools.arm-none.win32_1.17.0.201812190825/tools/compiler/bin/../lib/gcc/arm-none-eabi/7.3.1/thumb/v7e-m/fpv4-sp/hard\libgcc.a(_udivmoddi4.o)
                              c:/ac6/systemworkbench/plugins/fr.ac6.mcu.externaltools.arm-none.win32_1.17.0.201812190825/tools/compiler/bin/../lib/gcc/arm-none-eabi/7.3.1/thumb/v7e-m/fpv4-sp/hard\libgcc.a(_aeabi_uldivmod.o) (__udivmoddi4)
c:/ac6/systemworkbench/plugins/fr.ac6.mcu.externaltools.arm-none.win32_1.17.0.201812190825/tools/compiler/bin/../lib/gcc/arm-none-eabi/7.3.1/thumb/v7e-m/fpv4-sp/hard\libgcc.a(_dvmd_tls.o)
                              c:/ac6/systemworkbench/plugins/fr.ac6.mcu.externaltools.arm-none.win32_1.17.0.201812190825/tools/compiler/bin/../lib/gcc/arm-none-eabi/7.3.1/thumb/v7e-m/fpv4-sp/hard\libgcc.a(_aeabi_uldivmod.o) (__aeabi_ldiv0)
c:/ac6/systemworkbench/plugins/fr.ac6.mcu.externaltools.arm-none.win32_1.17.0.201812190825/tools/compiler/bin/../lib/gcc/arm-none-eabi/7.3.1/../../../../arm-none-eabi/lib/thumb/v7e-m/fpv4-sp/hard\libc_nano.a(lib_a-errno.o)
                              Core/Src/syscalls.o (__errno)
c:/ac6/systemworkbench/plugins/fr.ac6.mcu.externaltools.arm-none.win32_1.17.0.201812190825/tools/compiler/bin/../lib/gcc/arm-none-eabi/7.3.1/../../../../arm-none-eabi/lib/thumb/v7e-m/fpv4-sp/hard\libc_nano.a(lib_a-exit.o)
                              c:/ac6/systemworkbench/plugins/fr.ac6.mcu.externaltools.arm-none.win32_1.17.0.201812190825/tools/compiler/bin/../lib/gcc/arm-none-eabi/7.3.1/../../../../arm-none-eabi/lib/thumb/v7e-m/fpv4-sp/hard/crt0.o (exit)
c:/ac6/systemworkbench/plugins/fr.ac6.mcu.externaltools.arm-none.win32_1.17.0.201812190825/tools/compiler/bin/../lib/gcc/arm-none-eabi/7.3.1/../../../../arm-none-eabi/lib/thumb/v7e-m/fpv4-sp/hard\libc_nano.a(lib_a-impure.o)
                              c:/ac6/systemworkbench/plugins/fr.ac6.mcu.externaltools.arm-none.win32_1.17.0.201812190825/tools/compiler/bin/../lib/gcc/arm-none-eabi/7.3.1/../../../../arm-none-eabi/lib/thumb/v7e-m/fpv4-sp/hard\libc_nano.a(lib_a-exit.o) (_global_impure_ptr)
c:/ac6/systemworkbench/plugins/fr.ac6.mcu.externaltools.arm-none.win32_1.17.0.201812190825/tools/compiler/bin/../lib/gcc/arm-none-eabi/7.3.1/../../../../arm-none-eabi/lib/thumb/v7e-m/fpv4-sp/hard\libc_nano.a(lib_a-init.o)
                              c:/ac6/systemworkbench/plugins/fr.ac6.mcu.externaltools.arm-none.win32_1.17.0.201812190825/tools/compiler/bin/../lib/gcc/arm-none-eabi/7.3.1/../../../../arm-none-eabi/lib/thumb/v7e-m/fpv4-sp/hard/crt0.o (__libc_init_array)
c:/ac6/systemworkbench/plugins/fr.ac6.mcu.externaltools.arm-none.win32_1.17.0.201812190825/tools/compiler/bin/../lib/gcc/arm-none-eabi/7.3.1/../../../../arm-none-eabi/lib/thumb/v7e-m/fpv4-sp/hard\libc_nano.a(lib_a-memcpy-stub.o)
                              Core/Src/RFModSTM32f4x.o (memcpy)
c:/ac6/systemworkbench/plugins/fr.ac6.mcu.externaltools.arm-none.win32_1.17.0.201812190825/tools/compiler/bin/../lib/gcc/arm-none-eabi/7.3.1/../../../../arm-none-eabi/lib/thumb/v7e-m/fpv4-sp/hard\libc_nano.a(lib_a-memset.o)
                              c:/ac6/systemworkbench/plugins/fr.ac6.mcu.externaltools.arm-none.win32_1.17.0.201812190825/tools/compiler/bin/../lib/gcc/arm-none-eabi/7.3.1/../../../../arm-none-eabi/lib/thumb/v7e-m/fpv4-sp/hard/crt0.o (memset)
c:/ac6/systemworkbench/plugins/fr.ac6.mcu.externaltools.arm-none.win32_1.17.0.201812190825/tools/compiler/bin/../lib/gcc/arm-none-eabi/7.3.1/../../../../arm-none-eabi/lib/thumb/v7e-m/fpv4-sp/hard\libc_nano.a(lib_a-strlen.o)
                              Core/Src/main.o (strlen)

Allocating common symbols
Common symbol       size              file

_rxBits             0x2               Core/Src/RFModSTM32f4x.o
_txIndex            0x1               Core/Src/RFModSTM32f4x.o
_rxBom              0x2               Core/Src/RFModSTM32f4x.o
marca               0x1               Core/Src/RFModSTM32f4x.o
_rxBitCount         0x1               Core/Src/RFModSTM32f4x.o
uwTick              0x4               Drivers/STM32F4xx_HAL_Driver/Src/stm32f4xx_hal.o
pFlash              0x20              Drivers/STM32F4xx_HAL_Driver/Src/stm32f4xx_hal_flash.o
_modo               0x1               Core/Src/RFModSTM32f4x.o
_txBom              0x2               Core/Src/RFModSTM32f4x.o
_rxCount            0x1               Core/Src/RFModSTM32f4x.o
_rxRampa            0x1               Core/Src/RFModSTM32f4x.o
_rxBufCheio         0x1               Core/Src/RFModSTM32f4x.o
_rxAtivo            0x1               Core/Src/RFModSTM32f4x.o
_rxBufValido        0x1               Core/Src/RFModSTM32f4x.o
[...]
Memory Configuration

Name             Origin             Length             Attributes
RAM              0x20000000         0x00018000         xrw
FLASH            0x08000000         0x00080000         xr
*default*        0x00000000         0xffffffff

Linker script and memory map

LOAD c:/ac6/systemworkbench/plugins/fr.ac6.mcu.externaltools.arm-none.win32_1.17.0.201812190825/tools/compiler/bin/../lib/gcc/arm-none-eabi/7.3.1/thumb/v7e-m/fpv4-sp/hard/crti.o
LOAD c:/ac6/systemworkbench/plugins/fr.ac6.mcu.externaltools.arm-none.win32_1.17.0.201812190825/tools/compiler/bin/../lib/gcc/arm-none-eabi/7.3.1/thumb/v7e-m/fpv4-sp/hard/crtbegin.o
LOAD c:/ac6/systemworkbench/plugins/fr.ac6.mcu.externaltools.arm-none.win32_1.17.0.201812190825/tools/compiler/bin/../lib/gcc/arm-none-eabi/7.3.1/../../../../arm-none-eabi/lib/thumb/v7e-m/fpv4-sp/hard/crt0.o
LOAD Core/Src/RFModSTM32f4x.o
LOAD Core/Src/main.o
LOAD Core/Src/stm32f4xx_hal_msp.o
LOAD Core/Src/stm32f4xx_it.o
LOAD Core/Src/syscalls.o
LOAD Core/Src/system_stm32f4xx.o
LOAD Drivers/STM32F4xx_HAL_Driver/Src/stm32f4xx_hal.o
LOAD Drivers/STM32F4xx_HAL_Driver/Src/stm32f4xx_hal_cortex.o
LOAD Drivers/STM32F4xx_HAL_Driver/Src/stm32f4xx_hal_dma.o
LOAD Drivers/STM32F4xx_HAL_Driver/Src/stm32f4xx_hal_dma_ex.o
LOAD Drivers/STM32F4xx_HAL_Driver/Src/stm32f4xx_hal_exti.o
LOAD Drivers/STM32F4xx_HAL_Driver/Src/stm32f4xx_hal_flash.o
LOAD Drivers/STM32F4xx_HAL_Driver/Src/stm32f4xx_hal_flash_ex.o
LOAD Drivers/STM32F4xx_HAL_Driver/Src/stm32f4xx_hal_flash_ramfunc.o
LOAD Drivers/STM32F4xx_HAL_Driver/Src/stm32f4xx_hal_gpio.o
LOAD Drivers/STM32F4xx_HAL_Driver/Src/stm32f4xx_hal_pwr.o
LOAD Drivers/STM32F4xx_HAL_Driver/Src/stm32f4xx_hal_pwr_ex.o
LOAD Drivers/STM32F4xx_HAL_Driver/Src/stm32f4xx_hal_rcc.o
LOAD Drivers/STM32F4xx_HAL_Driver/Src/stm32f4xx_hal_rcc_ex.o
LOAD Drivers/STM32F4xx_HAL_Driver/Src/stm32f4xx_hal_tim.o
LOAD Drivers/STM32F4xx_HAL_Driver/Src/stm32f4xx_hal_tim_ex.o
LOAD Drivers/STM32F4xx_HAL_Driver/Src/stm32f4xx_hal_uart.o
LOAD startup/startup_stm32f401xe.o
LOAD c:/ac6/systemworkbench/plugins/fr.ac6.mcu.externaltools.arm-none.win32_1.17.0.201812190825/tools/compiler/bin/../lib/gcc/arm-none-eabi/7.3.1/../../../../arm-none-eabi/lib/thumb/v7e-m/fpv4-sp/hard\libm.a
START GROUP
LOAD c:/ac6/systemworkbench/plugins/fr.ac6.mcu.externaltools.arm-none.win32_1.17.0.201812190825/tools/compiler/bin/../lib/gcc/arm-none-eabi/7.3.1/thumb/v7e-m/fpv4-sp/hard\libgcc.a
LOAD c:/ac6/systemworkbench/plugins/fr.ac6.mcu.externaltools.arm-none.win32_1.17.0.201812190825/tools/compiler/bin/../lib/gcc/arm-none-eabi/7.3.1/../../../../arm-none-eabi/lib/thumb/v7e-m/fpv4-sp/hard\libc_nano.a
END GROUP
START GROUP
LOAD c:/ac6/systemworkbench/plugins/fr.ac6.mcu.externaltools.arm-none.win32_1.17.0.201812190825/tools/compiler/bin/../lib/gcc/arm-none-eabi/7.3.1/thumb/v7e-m/fpv4-sp/hard\libgcc.a
LOAD c:/ac6/systemworkbench/plugins/fr.ac6.mcu.externaltools.arm-none.win32_1.17.0.201812190825/tools/compiler/bin/../lib/gcc/arm-none-eabi/7.3.1/../../../../arm-none-eabi/lib/thumb/v7e-m/fpv4-sp/hard\libc_nano.a
LOAD c:/ac6/systemworkbench/plugins/fr.ac6.mcu.externaltools.arm-none.win32_1.17.0.201812190825/tools/compiler/bin/../lib/gcc/arm-none-eabi/7.3.1/../../../../arm-none-eabi/lib/thumb/v7e-m/fpv4-sp/hard\libnosys.a
END GROUP
START GROUP
LOAD c:/ac6/systemworkbench/plugins/fr.ac6.mcu.externaltools.arm-none.win32_1.17.0.201812190825/tools/compiler/bin/../lib/gcc/arm-none-eabi/7.3.1/thumb/v7e-m/fpv4-sp/hard\libgcc.a
LOAD c:/ac6/systemworkbench/plugins/fr.ac6.mcu.externaltools.arm-none.win32_1.17.0.201812190825/tools/compiler/bin/../lib/gcc/arm-none-eabi/7.3.1/../../../../arm-none-eabi/lib/thumb/v7e-m/fpv4-sp/hard\libc_nano.a
LOAD c:/ac6/systemworkbench/plugins/fr.ac6.mcu.externaltools.arm-none.win32_1.17.0.201812190825/tools/compiler/bin/../lib/gcc/arm-none-eabi/7.3.1/../../../../arm-none-eabi/lib/thumb/v7e-m/fpv4-sp/hard\libnosys.a
END GROUP
LOAD c:/ac6/systemworkbench/plugins/fr.ac6.mcu.externaltools.arm-none.win32_1.17.0.201812190825/tools/compiler/bin/../lib/gcc/arm-none-eabi/7.3.1/thumb/v7e-m/fpv4-sp/hard/crtend.o
LOAD c:/ac6/systemworkbench/plugins/fr.ac6.mcu.externaltools.arm-none.win32_1.17.0.201812190825/tools/compiler/bin/../lib/gcc/arm-none-eabi/7.3.1/thumb/v7e-m/fpv4-sp/hard/crtn.o
                0x20018000                _estack = 0x20018000
                0x00000200                _Min_Heap_Size = 0x200
                0x00000400                _Min_Stack_Size = 0x400

.isr_vector     0x08000000      0x194
                0x08000000                . = ALIGN (0x4)
 *(.isr_vector)
 .isr_vector    0x08000000      0x194 startup/startup_stm32f401xe.o
                0x08000000                g_pfnVectors
                0x08000194                . = ALIGN (0x4)

.text           0x08000194     0x1edc
                0x08000194                . = ALIGN (0x4)
 *(.text)
 .text          0x08000194       0x40 c:/ac6/systemworkbench/plugins/fr.ac6.mcu.externaltools.arm-none.win32_1.17.0.201812190825/tools/compiler/bin/../lib/gcc/arm-none-eabi/7.3.1/thumb/v7e-m/fpv4-sp/hard/crtbegin.o
 .text          0x080001d4       0x30 c:/ac6/systemworkbench/plugins/fr.ac6.mcu.externaltools.arm-none.win32_1.17.0.201812190825/tools/compiler/bin/../lib/gcc/arm-none-eabi/7.3.1/thumb/v7e-m/fpv4-sp/hard\libgcc.a(_aeabi_uldivmod.o)
                0x080001d4                __aeabi_uldivmod
 .text          0x08000204      0x2cc c:/ac6/systemworkbench/plugins/fr.ac6.mcu.externaltools.arm-none.win32_1.17.0.201812190825/tools/compiler/bin/../lib/gcc/arm-none-eabi/7.3.1/thumb/v7e-m/fpv4-sp/hard\libgcc.a(_udivmoddi4.o)
                0x08000204                __udivmoddi4
 .text          0x080004d0        0x4 c:/ac6/systemworkbench/plugins/fr.ac6.mcu.externaltools.arm-none.win32_1.17.0.201812190825/tools/compiler/bin/../lib/gcc/arm-none-eabi/7.3.1/thumb/v7e-m/fpv4-sp/hard\libgcc.a(_dvmd_tls.o)
                0x080004d0                __aeabi_idiv0
                0x080004d0                __aeabi_ldiv0
 .text          0x080004d4       0x10 c:/ac6/systemworkbench/plugins/fr.ac6.mcu.externaltools.arm-none.win32_1.17.0.201812190825/tools/compiler/bin/../lib/gcc/arm-none-eabi/7.3.1/../../../../arm-none-eabi/lib/thumb/v7e-m/fpv4-sp/hard\libc_nano.a(lib_a-strlen.o)
                0x080004d4                strlen
 *(.text*)
 .text.poeModoRx
                0x080004e4       0x28 Core/Src/RFModSTM32f4x.o
                0x080004e4                poeModoRx
 .text.poeModoParado
                0x0800050c       0x28 Core/Src/RFModSTM32f4x.o
                0x0800050c                poeModoParado
 .text.simbolo_para_nibble
                0x08000534       0x28 Core/Src/RFModSTM32f4x.o
                0x08000534                simbolo_para_nibble
 .text.TimerRecb
                0x0800055c      0x198 Core/Src/RFModSTM32f4x.o
                0x0800055c                TimerRecb
 .text.TimerEnvia
                0x080006f4       0x9c Core/Src/RFModSTM32f4x.o
                0x080006f4                TimerEnvia
 .text.TimerRotinaInterrupcao
                0x08000790       0x28 Core/Src/RFModSTM32f4x.o
                0x08000790                TimerRotinaInterrupcao
 .text.Inicia_Mod_RF
                0x080007b8       0x30 Core/Src/RFModSTM32f4x.o
                0x080007b8                Inicia_Mod_RF
 .text.rxRuim   0x080007e8        0xc Core/Src/RFModSTM32f4x.o
                0x080007e8                rxRuim
 .text.rxBom    0x080007f4        0xc Core/Src/RFModSTM32f4x.o
                0x080007f4                rxBom
 .text.atualiza_crc_xmodem
                0x08000800       0x26 Core/Src/RFModSTM32f4x.o
                0x08000800                atualiza_crc_xmodem
 *fill*         0x08000826        0x2 
 .text.validaRxBuf
                0x08000828       0x58 Core/Src/RFModSTM32f4x.o
                0x08000828                validaRxBuf
 .text.disponivel
                0x08000880       0x3c Core/Src/RFModSTM32f4x.o
                0x08000880                disponivel
 .text.recb     0x080008bc       0x44 Core/Src/RFModSTM32f4x.o
                0x080008bc                recb
 .text.MX_GPIO_Init
                0x08000900       0xe0 Core/Src/main.o
 .text.Error_Handler
                0x080009e0        0x4 Core/Src/main.o
                0x080009e0                Error_Handler
 .text.MX_TIM1_Init
                0x080009e4       0x6c Core/Src/main.o
 .text.MX_USART2_UART_Init
                0x08000a50       0x34 Core/Src/main.o
 .text.SystemClock_Config
                0x08000a84       0xa8 Core/Src/main.o
                0x08000a84                SystemClock_Config
 .text.main     0x08000b2c      0x194 Core/Src/main.o
                0x08000b2c                main
 .text.HAL_MspInit
                0x08000cc0       0x40 Core/Src/stm32f4xx_hal_msp.o
                0x08000cc0                HAL_MspInit
 .text.HAL_TIM_Base_MspInit
                0x08000d00       0x40 Core/Src/stm32f4xx_hal_msp.o
                0x08000d00                HAL_TIM_Base_MspInit
 .text.HAL_UART_MspInit
                0x08000d40       0x6c Core/Src/stm32f4xx_hal_msp.o
                0x08000d40                HAL_UART_MspInit
 .text.NMI_Handler
                0x08000dac        0x2 Core/Src/stm32f4xx_it.o
                0x08000dac                NMI_Handler
 .text.HardFault_Handler
                0x08000dae        0x2 Core/Src/stm32f4xx_it.o
                0x08000dae                HardFault_Handler
 .text.MemManage_Handler
                0x08000db0        0x2 Core/Src/stm32f4xx_it.o
                0x08000db0                MemManage_Handler
 .text.BusFault_Handler
                0x08000db2        0x2 Core/Src/stm32f4xx_it.o
                0x08000db2                BusFault_Handler
 .text.UsageFault_Handler
                0x08000db4        0x2 Core/Src/stm32f4xx_it.o
                0x08000db4                UsageFault_Handler
 .text.SVC_Handler
                0x08000db6        0x2 Core/Src/stm32f4xx_it.o
                0x08000db6                SVC_Handler
 .text.DebugMon_Handler
                0x08000db8        0x2 Core/Src/stm32f4xx_it.o
                0x08000db8                DebugMon_Handler
 .text.PendSV_Handler
                0x08000dba        0x2 Core/Src/stm32f4xx_it.o
                0x08000dba                PendSV_Handler
 .text.SysTick_Handler
                0x08000dbc        0x8 Core/Src/stm32f4xx_it.o
                0x08000dbc                SysTick_Handler
 .text.TIM1_UP_TIM10_IRQHandler
                0x08000dc4       0x14 Core/Src/stm32f4xx_it.o
                0x08000dc4                TIM1_UP_TIM10_IRQHandler
 .text.SystemInit
                0x08000dd8       0x1c Core/Src/system_stm32f4xx.o
                0x08000dd8                SystemInit
 .text.HAL_InitTick
                0x08000df4       0x48 Drivers/STM32F4xx_HAL_Driver/Src/stm32f4xx_hal.o
                0x08000df4                HAL_InitTick
 .text.HAL_Init
                0x08000e3c       0x34 Drivers/STM32F4xx_HAL_Driver/Src/stm32f4xx_hal.o
                0x08000e3c                HAL_Init
 .text.HAL_IncTick
                0x08000e70       0x18 Drivers/STM32F4xx_HAL_Driver/Src/stm32f4xx_hal.o
                0x08000e70                HAL_IncTick
 .text.HAL_GetTick
                0x08000e88        0xc Drivers/STM32F4xx_HAL_Driver/Src/stm32f4xx_hal.o
                0x08000e88                HAL_GetTick
 .text.HAL_NVIC_SetPriorityGrouping
                0x08000e94       0x24 Drivers/STM32F4xx_HAL_Driver/Src/stm32f4xx_hal_cortex.o
                0x08000e94                HAL_NVIC_SetPriorityGrouping
 .text.HAL_NVIC_SetPriority
                0x08000eb8       0x68 Drivers/STM32F4xx_HAL_Driver/Src/stm32f4xx_hal_cortex.o
                0x08000eb8                HAL_NVIC_SetPriority
 .text.HAL_NVIC_EnableIRQ
                0x08000f20       0x1c Drivers/STM32F4xx_HAL_Driver/Src/stm32f4xx_hal_cortex.o
                0x08000f20                HAL_NVIC_EnableIRQ
 .text.HAL_SYSTICK_Config
                0x08000f3c       0x2c Drivers/STM32F4xx_HAL_Driver/Src/stm32f4xx_hal_cortex.o
                0x08000f3c                HAL_SYSTICK_Config
 .text.HAL_GPIO_Init
                0x08000f68      0x1a4 Drivers/STM32F4xx_HAL_Driver/Src/stm32f4xx_hal_gpio.o
                0x08000f68                HAL_GPIO_Init
 .text.HAL_GPIO_ReadPin
                0x0800110c        0xe Drivers/STM32F4xx_HAL_Driver/Src/stm32f4xx_hal_gpio.o
                0x0800110c                HAL_GPIO_ReadPin
 .text.HAL_GPIO_WritePin
                0x0800111a        0xc Drivers/STM32F4xx_HAL_Driver/Src/stm32f4xx_hal_gpio.o
                0x0800111a                HAL_GPIO_WritePin
 *fill*         0x08001126        0x2 
 .text.HAL_RCC_OscConfig
                0x08001128      0x3ec Drivers/STM32F4xx_HAL_Driver/Src/stm32f4xx_hal_rcc.o
                0x08001128                HAL_RCC_OscConfig
 .text.HAL_RCC_GetSysClockFreq
                0x08001514       0xd8 Drivers/STM32F4xx_HAL_Driver/Src/stm32f4xx_hal_rcc.o
                0x08001514                HAL_RCC_GetSysClockFreq
 .text.HAL_RCC_ClockConfig
                0x080015ec      0x160 Drivers/STM32F4xx_HAL_Driver/Src/stm32f4xx_hal_rcc.o
                0x080015ec                HAL_RCC_ClockConfig
 .text.HAL_RCC_GetHCLKFreq
                0x0800174c        0xc Drivers/STM32F4xx_HAL_Driver/Src/stm32f4xx_hal_rcc.o
                0x0800174c                HAL_RCC_GetHCLKFreq
 .text.HAL_RCC_GetPCLK1Freq
                0x08001758       0x20 Drivers/STM32F4xx_HAL_Driver/Src/stm32f4xx_hal_rcc.o
                0x08001758                HAL_RCC_GetPCLK1Freq
 .text.HAL_RCC_GetPCLK2Freq
                0x08001778       0x20 Drivers/STM32F4xx_HAL_Driver/Src/stm32f4xx_hal_rcc.o
                0x08001778                HAL_RCC_GetPCLK2Freq
 .text.TIM_TI1_ConfigInputStage
                0x08001798       0x26 Drivers/STM32F4xx_HAL_Driver/Src/stm32f4xx_hal_tim.o
 .text.TIM_TI2_ConfigInputStage
                0x080017be       0x28 Drivers/STM32F4xx_HAL_Driver/Src/stm32f4xx_hal_tim.o
 .text.TIM_ITRx_SetConfig
                0x080017e6       0x10 Drivers/STM32F4xx_HAL_Driver/Src/stm32f4xx_hal_tim.o
 .text.HAL_TIM_Base_Start_IT
                0x080017f6       0x22 Drivers/STM32F4xx_HAL_Driver/Src/stm32f4xx_hal_tim.o
                0x080017f6                HAL_TIM_Base_Start_IT
 .text.HAL_TIM_PeriodElapsedCallback
                0x08001818        0x2 Drivers/STM32F4xx_HAL_Driver/Src/stm32f4xx_hal_tim.o
                0x08001818                HAL_TIM_PeriodElapsedCallback
 .text.HAL_TIM_OC_DelayElapsedCallback
                0x0800181a        0x2 Drivers/STM32F4xx_HAL_Driver/Src/stm32f4xx_hal_tim.o
                0x0800181a                HAL_TIM_OC_DelayElapsedCallback
 .text.HAL_TIM_IC_CaptureCallback
                0x0800181c        0x2 Drivers/STM32F4xx_HAL_Driver/Src/stm32f4xx_hal_tim.o
                0x0800181c                HAL_TIM_IC_CaptureCallback
 .text.HAL_TIM_PWM_PulseFinishedCallback
                0x0800181e        0x2 Drivers/STM32F4xx_HAL_Driver/Src/stm32f4xx_hal_tim.o
                0x0800181e                HAL_TIM_PWM_PulseFinishedCallback
 .text.HAL_TIM_TriggerCallback
                0x08001820        0x2 Drivers/STM32F4xx_HAL_Driver/Src/stm32f4xx_hal_tim.o
                0x08001820                HAL_TIM_TriggerCallback
 .text.HAL_TIM_IRQHandler
                0x08001822      0x17a Drivers/STM32F4xx_HAL_Driver/Src/stm32f4xx_hal_tim.o
                0x08001822                HAL_TIM_IRQHandler
 .text.TIM_Base_SetConfig
                0x0800199c       0x9c Drivers/STM32F4xx_HAL_Driver/Src/stm32f4xx_hal_tim.o
                0x0800199c                TIM_Base_SetConfig
 .text.HAL_TIM_Base_Init
                0x08001a38       0x32 Drivers/STM32F4xx_HAL_Driver/Src/stm32f4xx_hal_tim.o
                0x08001a38                HAL_TIM_Base_Init
 .text.TIM_ETR_SetConfig
                0x08001a6a       0x18 Drivers/STM32F4xx_HAL_Driver/Src/stm32f4xx_hal_tim.o
                0x08001a6a                TIM_ETR_SetConfig
 .text.HAL_TIM_ConfigClockSource
                0x08001a82       0xda Drivers/STM32F4xx_HAL_Driver/Src/stm32f4xx_hal_tim.o
                0x08001a82                HAL_TIM_ConfigClockSource
 .text.HAL_TIMEx_MasterConfigSynchronization
                0x08001b5c       0x78 Drivers/STM32F4xx_HAL_Driver/Src/stm32f4xx_hal_tim_ex.o
                0x08001b5c                HAL_TIMEx_MasterConfigSynchronization
 .text.HAL_TIMEx_CommutCallback
                0x08001bd4        0x2 Drivers/STM32F4xx_HAL_Driver/Src/stm32f4xx_hal_tim_ex.o
                0x08001bd4                HAL_TIMEx_CommutCallback
 .text.HAL_TIMEx_BreakCallback
                0x08001bd6        0x2 Drivers/STM32F4xx_HAL_Driver/Src/stm32f4xx_hal_tim_ex.o
                0x08001bd6                HAL_TIMEx_BreakCallback
 .text.UART_SetConfig
                0x08001bd8      0x218 Drivers/STM32F4xx_HAL_Driver/Src/stm32f4xx_hal_uart.o
 .text.UART_WaitOnFlagUntilTimeout
                0x08001df0       0x62 Drivers/STM32F4xx_HAL_Driver/Src/stm32f4xx_hal_uart.o
 .text.HAL_UART_Init
                0x08001e52       0x5e Drivers/STM32F4xx_HAL_Driver/Src/stm32f4xx_hal_uart.o
                0x08001e52                HAL_UART_Init
 .text.HAL_UART_Transmit
                0x08001eb0       0xe2 Drivers/STM32F4xx_HAL_Driver/Src/stm32f4xx_hal_uart.o
                0x08001eb0                HAL_UART_Transmit
 *fill*         0x08001f92        0x2 
 .text.Reset_Handler
                0x08001f94       0x50 startup/startup_stm32f401xe.o
                0x08001f94                Reset_Handler
 .text.Default_Handler
                0x08001fe4        0x2 startup/startup_stm32f401xe.o
                0x08001fe4                RTC_Alarm_IRQHandler
                0x08001fe4                EXTI2_IRQHandler
                0x08001fe4                SPI4_IRQHandler
                0x08001fe4                TIM1_CC_IRQHandler
                0x08001fe4                DMA2_Stream5_IRQHandler
                0x08001fe4                DMA1_Stream5_IRQHandler
                0x08001fe4                PVD_IRQHandler
                0x08001fe4                SDIO_IRQHandler
                0x08001fe4                TAMP_STAMP_IRQHandler
                0x08001fe4                EXTI3_IRQHandler
                0x08001fe4                I2C3_ER_IRQHandler
                0x08001fe4                EXTI0_IRQHandler
                0x08001fe4                I2C2_EV_IRQHandler
                0x08001fe4                DMA1_Stream2_IRQHandler
                0x08001fe4                FPU_IRQHandler
                0x08001fe4                DMA2_Stream2_IRQHandler
                0x08001fe4                SPI1_IRQHandler
                0x08001fe4                TIM1_BRK_TIM9_IRQHandler
                0x08001fe4                DMA2_Stream3_IRQHandler
                0x08001fe4                USART6_IRQHandler
                0x08001fe4                DMA2_Stream0_IRQHandler
                0x08001fe4                TIM4_IRQHandler
                0x08001fe4                I2C1_EV_IRQHandler
                0x08001fe4                DMA1_Stream6_IRQHandler
                0x08001fe4                DMA1_Stream1_IRQHandler
                0x08001fe4                TIM3_IRQHandler
                0x08001fe4                RCC_IRQHandler
                0x08001fe4                Default_Handler
                0x08001fe4                EXTI15_10_IRQHandler
                0x08001fe4                ADC_IRQHandler
                0x08001fe4                DMA1_Stream7_IRQHandler
                0x08001fe4                TIM5_IRQHandler
                0x08001fe4                DMA2_Stream7_IRQHandler
                0x08001fe4                I2C3_EV_IRQHandler
                0x08001fe4                EXTI9_5_IRQHandler
                0x08001fe4                RTC_WKUP_IRQHandler
                0x08001fe4                SPI2_IRQHandler
                0x08001fe4                DMA1_Stream0_IRQHandler
                0x08001fe4                EXTI4_IRQHandler
                0x08001fe4                WWDG_IRQHandler
                0x08001fe4                TIM2_IRQHandler
                0x08001fe4                OTG_FS_WKUP_IRQHandler
                0x08001fe4                TIM1_TRG_COM_TIM11_IRQHandler
                0x08001fe4                EXTI1_IRQHandler
                0x08001fe4                USART2_IRQHandler
                0x08001fe4                I2C2_ER_IRQHandler
                0x08001fe4                DMA2_Stream1_IRQHandler
                0x08001fe4                FLASH_IRQHandler
                0x08001fe4                DMA2_Stream4_IRQHandler
                0x08001fe4                USART1_IRQHandler
                0x08001fe4                OTG_FS_IRQHandler
                0x08001fe4                SPI3_IRQHandler
                0x08001fe4                DMA1_Stream4_IRQHandler
                0x08001fe4                I2C1_ER_IRQHandler
                0x08001fe4                DMA2_Stream6_IRQHandler
                0x08001fe4                DMA1_Stream3_IRQHandler
 *fill*         0x08001fe6        0x2 
 .text.__libc_init_array
                0x08001fe8       0x48 c:/ac6/systemworkbench/plugins/fr.ac6.mcu.externaltools.arm-none.win32_1.17.0.201812190825/tools/compiler/bin/../lib/gcc/arm-none-eabi/7.3.1/../../../../arm-none-eabi/lib/thumb/v7e-m/fpv4-sp/hard\libc_nano.a(lib_a-init.o)
                0x08001fe8                __libc_init_array
 .text.memcpy   0x08002030       0x16 c:/ac6/systemworkbench/plugins/fr.ac6.mcu.externaltools.arm-none.win32_1.17.0.201812190825/tools/compiler/bin/../lib/gcc/arm-none-eabi/7.3.1/../../../../arm-none-eabi/lib/thumb/v7e-m/fpv4-sp/hard\libc_nano.a(lib_a-memcpy-stub.o)
                0x08002030                memcpy
 .text.memset   0x08002046       0x10 c:/ac6/systemworkbench/plugins/fr.ac6.mcu.externaltools.arm-none.win32_1.17.0.201812190825/tools/compiler/bin/../lib/gcc/arm-none-eabi/7.3.1/../../../../arm-none-eabi/lib/thumb/v7e-m/fpv4-sp/hard\libc_nano.a(lib_a-memset.o)
                0x08002046                memset
 *(.glue_7)
 .glue_7        0x08002056        0x0 linker stubs
 *(.glue_7t)
 .glue_7t       0x08002056        0x0 linker stubs
 *(.eh_frame)
 *fill*         0x08002056        0x2 
 .eh_frame      0x08002058        0x0 c:/ac6/systemworkbench/plugins/fr.ac6.mcu.externaltools.arm-none.win32_1.17.0.201812190825/tools/compiler/bin/../lib/gcc/arm-none-eabi/7.3.1/thumb/v7e-m/fpv4-sp/hard/crtbegin.o
 *(.init)
 .init          0x08002058        0x4 c:/ac6/systemworkbench/plugins/fr.ac6.mcu.externaltools.arm-none.win32_1.17.0.201812190825/tools/compiler/bin/../lib/gcc/arm-none-eabi/7.3.1/thumb/v7e-m/fpv4-sp/hard/crti.o
                0x08002058                _init
 .init          0x0800205c        0x8 c:/ac6/systemworkbench/plugins/fr.ac6.mcu.externaltools.arm-none.win32_1.17.0.201812190825/tools/compiler/bin/../lib/gcc/arm-none-eabi/7.3.1/thumb/v7e-m/fpv4-sp/hard/crtn.o
 *(.fini)
 .fini          0x08002064        0x4 c:/ac6/systemworkbench/plugins/fr.ac6.mcu.externaltools.arm-none.win32_1.17.0.201812190825/tools/compiler/bin/../lib/gcc/arm-none-eabi/7.3.1/thumb/v7e-m/fpv4-sp/hard/crti.o
                0x08002064                _fini
 .fini          0x08002068        0x8 c:/ac6/systemworkbench/plugins/fr.ac6.mcu.externaltools.arm-none.win32_1.17.0.201812190825/tools/compiler/bin/../lib/gcc/arm-none-eabi/7.3.1/thumb/v7e-m/fpv4-sp/hard/crtn.o
                0x08002070                . = ALIGN (0x4)
                0x08002070                _etext = .

.vfp11_veneer   0x08002070        0x0
 .vfp11_veneer  0x08002070        0x0 linker stubs

.v4_bx          0x08002070        0x0
 .v4_bx         0x08002070        0x0 linker stubs

.iplt           0x08002070        0x0
 .iplt          0x08002070        0x0 c:/ac6/systemworkbench/plugins/fr.ac6.mcu.externaltools.arm-none.win32_1.17.0.201812190825/tools/compiler/bin/../lib/gcc/arm-none-eabi/7.3.1/thumb/v7e-m/fpv4-sp/hard/crtbegin.o

.rodata         0x08002070       0x58
                0x08002070                . = ALIGN (0x4)
 *(.rodata)
 .rodata        0x08002070       0x18 Core/Src/RFModSTM32f4x.o
 .rodata        0x08002088       0x18 Core/Src/system_stm32f4xx.o
                0x08002088                AHBPrescTable
                0x08002098                APBPrescTable
 *(.rodata*)
 .rodata.str1.4
                0x080020a0       0x28 Core/Src/main.o
                                 0x27 (size before relaxing)
                0x080020c8                . = ALIGN (0x4)

.ARM.extab
 *(.ARM.extab* .gnu.linkonce.armextab.*)

.ARM            0x080020c8        0x8
                0x080020c8                __exidx_start = .
 *(.ARM.exidx*)
 .ARM.exidx     0x080020c8        0x8 c:/ac6/systemworkbench/plugins/fr.ac6.mcu.externaltools.arm-none.win32_1.17.0.201812190825/tools/compiler/bin/../lib/gcc/arm-none-eabi/7.3.1/thumb/v7e-m/fpv4-sp/hard\libgcc.a(_udivmoddi4.o)
                0x080020d0                __exidx_end = .

.rel.dyn        0x080020d0        0x0
 .rel.iplt      0x080020d0        0x0 c:/ac6/systemworkbench/plugins/fr.ac6.mcu.externaltools.arm-none.win32_1.17.0.201812190825/tools/compiler/bin/../lib/gcc/arm-none-eabi/7.3.1/thumb/v7e-m/fpv4-sp/hard/crtbegin.o

.preinit_array  0x080020d0        0x0
                0x080020d0                PROVIDE (__preinit_array_start = .)
 *(.preinit_array*)
                0x080020d0                PROVIDE (__preinit_array_end = .)

.init_array     0x080020d0        0x4
                0x080020d0                PROVIDE (__init_array_start = .)
 *(SORT_BY_NAME(.init_array.*))
 *(.init_array*)
 .init_array    0x080020d0        0x4 c:/ac6/systemworkbench/plugins/fr.ac6.mcu.externaltools.arm-none.win32_1.17.0.201812190825/tools/compiler/bin/../lib/gcc/arm-none-eabi/7.3.1/thumb/v7e-m/fpv4-sp/hard/crtbegin.o
                0x080020d4                PROVIDE (__init_array_end = .)

.fini_array     0x080020d4        0x4
                [!provide]                PROVIDE (__fini_array_start = .)
 *(SORT_BY_NAME(.fini_array.*))
 *(.fini_array*)
 .fini_array    0x080020d4        0x4 c:/ac6/systemworkbench/plugins/fr.ac6.mcu.externaltools.arm-none.win32_1.17.0.201812190825/tools/compiler/bin/../lib/gcc/arm-none-eabi/7.3.1/thumb/v7e-m/fpv4-sp/hard/crtbegin.o
                [!provide]                PROVIDE (__fini_array_end = .)
                0x080020d8                _sidata = LOADADDR (.data)

.data           0x20000000        0xc load address 0x080020d8
                0x20000000                . = ALIGN (0x4)
                0x20000000                _sdata = .
 *(.data)
 .data          0x20000000        0x4 Core/Src/system_stm32f4xx.o
                0x20000000                SystemCoreClock
 .data          0x20000004        0x8 Drivers/STM32F4xx_HAL_Driver/Src/stm32f4xx_hal.o
                0x20000004                uwTickFreq
                0x20000008                uwTickPrio
 *(.data*)
                0x2000000c                . = ALIGN (0x4)
                0x2000000c                _edata = .

.igot.plt       0x2000000c        0x0 load address 0x080020e4
 .igot.plt      0x2000000c        0x0 c:/ac6/systemworkbench/plugins/fr.ac6.mcu.externaltools.arm-none.win32_1.17.0.201812190825/tools/compiler/bin/../lib/gcc/arm-none-eabi/7.3.1/thumb/v7e-m/fpv4-sp/hard/crtbegin.o
                0x2000000c                . = ALIGN (0x4)

.bss            0x2000000c      0x190 load address 0x080020e4
                0x2000000c                _sbss = .
                0x2000000c                __bss_start__ = _sbss
 *(.bss)
 .bss           0x2000000c       0x1c c:/ac6/systemworkbench/plugins/fr.ac6.mcu.externaltools.arm-none.win32_1.17.0.201812190825/tools/compiler/bin/../lib/gcc/arm-none-eabi/7.3.1/thumb/v7e-m/fpv4-sp/hard/crtbegin.o
 *(.bss*)
 *(COMMON)
 COMMON         0x20000028       0xef Core/Src/RFModSTM32f4x.o
                0x20000028                _rxBits
                0x2000002a                _txIndex
                0x2000002c                _rxBom
                0x2000002e                marca
                0x2000002f                _rxBitCount
                0x20000030                _modo
                0x20000032                _txBom
                0x20000034                _rxCount
                0x20000035                _rxRampa
                0x20000036                _rxBufCheio
                0x20000037                _rxAtivo
                0x20000038                _rxBufValido
                0x2000003a                _rxRuim
                0x2000003c                _txBufTam
                0x2000003d                _txBit
                0x2000003e                _rxBufTam
                0x20000040                _rxBuf
                0x20000083                _txAmostra
                0x20000084                _rxUltAmostra
                0x20000088                _txBuf
                0x20000116                _rxIntegrador
 *fill*         0x20000117        0x1 
 COMMON         0x20000118       0x80 Core/Src/main.o
                0x20000118                htim1
                0x20000158                huart2
 COMMON         0x20000198        0x4 Drivers/STM32F4xx_HAL_Driver/Src/stm32f4xx_hal.o
                0x20000198                uwTick
                0x2000019c                . = ALIGN (0x4)
                0x2000019c                _ebss = .
                0x2000019c                __bss_end__ = _ebss

._user_heap_stack
                0x2000019c      0x604 load address 0x080020e4
                0x200001a0                . = ALIGN (0x8)
 *fill*         0x2000019c        0x4 
                0x200001a0                PROVIDE (end = .)
                [!provide]                PROVIDE (_end = .)
                0x200003a0                . = (. + _Min_Heap_Size)
 *fill*         0x200001a0      0x200 
                0x200007a0                . = (. + _Min_Stack_Size)
 *fill*         0x200003a0      0x400 
                0x200007a0                . = ALIGN (0x8)

/DISCARD/
 libc.a(*)
 libm.a(*)
 libgcc.a(*)

.ARM.attributes
                0x00000000       0x30
 *(.ARM.attributes)
 .ARM.attributes
                0x00000000       0x22 c:/ac6/systemworkbench/plugins/fr.ac6.mcu.externaltools.arm-none.win32_1.17.0.201812190825/tools/compiler/bin/../lib/gcc/arm-none-eabi/7.3.1/thumb/v7e-m/fpv4-sp/hard/crti.o
 .ARM.attributes
                0x00000022       0x34 c:/ac6/systemworkbench/plugins/fr.ac6.mcu.externaltools.arm-none.win32_1.17.0.201812190825/tools/compiler/bin/../lib/gcc/arm-none-eabi/7.3.1/thumb/v7e-m/fpv4-sp/hard/crtbegin.o
 .ARM.attributes
                0x00000056       0x39 Core/Src/RFModSTM32f4x.o
 .ARM.attributes
                0x0000008f       0x39 Core/Src/main.o
 .ARM.attributes
                0x000000c8       0x39 Core/Src/stm32f4xx_hal_msp.o
 .ARM.attributes
                0x00000101       0x39 Core/Src/stm32f4xx_it.o
 .ARM.attributes
                0x0000013a       0x39 Core/Src/system_stm32f4xx.o
 .ARM.attributes
                0x00000173       0x39 Drivers/STM32F4xx_HAL_Driver/Src/stm32f4xx_hal.o
 .ARM.attributes
                0x000001ac       0x39 Drivers/STM32F4xx_HAL_Driver/Src/stm32f4xx_hal_cortex.o
 .ARM.attributes
                0x000001e5       0x39 Drivers/STM32F4xx_HAL_Driver/Src/stm32f4xx_hal_gpio.o
 .ARM.attributes
                0x0000021e       0x39 Drivers/STM32F4xx_HAL_Driver/Src/stm32f4xx_hal_rcc.o
 .ARM.attributes
                0x00000257       0x39 Drivers/STM32F4xx_HAL_Driver/Src/stm32f4xx_hal_tim.o
 .ARM.attributes
                0x00000290       0x39 Drivers/STM32F4xx_HAL_Driver/Src/stm32f4xx_hal_tim_ex.o
 .ARM.attributes
                0x000002c9       0x39 Drivers/STM32F4xx_HAL_Driver/Src/stm32f4xx_hal_uart.o
 .ARM.attributes
                0x00000302       0x21 startup/startup_stm32f401xe.o
 .ARM.attributes
                0x00000323       0x22 c:/ac6/systemworkbench/plugins/fr.ac6.mcu.externaltools.arm-none.win32_1.17.0.201812190825/tools/compiler/bin/../lib/gcc/arm-none-eabi/7.3.1/thumb/v7e-m/fpv4-sp/hard\libgcc.a(_aeabi_uldivmod.o)
 .ARM.attributes
                0x00000345       0x34 c:/ac6/systemworkbench/plugins/fr.ac6.mcu.externaltools.arm-none.win32_1.17.0.201812190825/tools/compiler/bin/../lib/gcc/arm-none-eabi/7.3.1/thumb/v7e-m/fpv4-sp/hard\libgcc.a(_udivmoddi4.o)
 .ARM.attributes
                0x00000379       0x22 c:/ac6/systemworkbench/plugins/fr.ac6.mcu.externaltools.arm-none.win32_1.17.0.201812190825/tools/compiler/bin/../lib/gcc/arm-none-eabi/7.3.1/thumb/v7e-m/fpv4-sp/hard\libgcc.a(_dvmd_tls.o)
 .ARM.attributes
                0x0000039b       0x34 c:/ac6/systemworkbench/plugins/fr.ac6.mcu.externaltools.arm-none.win32_1.17.0.201812190825/tools/compiler/bin/../lib/gcc/arm-none-eabi/7.3.1/../../../../arm-none-eabi/lib/thumb/v7e-m/fpv4-sp/hard\libc_nano.a(lib_a-init.o)
 .ARM.attributes
                0x000003cf       0x34 c:/ac6/systemworkbench/plugins/fr.ac6.mcu.externaltools.arm-none.win32_1.17.0.201812190825/tools/compiler/bin/../lib/gcc/arm-none-eabi/7.3.1/../../../../arm-none-eabi/lib/thumb/v7e-m/fpv4-sp/hard\libc_nano.a(lib_a-memcpy-stub.o)
 .ARM.attributes
                0x00000403       0x34 c:/ac6/systemworkbench/plugins/fr.ac6.mcu.externaltools.arm-none.win32_1.17.0.201812190825/tools/compiler/bin/../lib/gcc/arm-none-eabi/7.3.1/../../../../arm-none-eabi/lib/thumb/v7e-m/fpv4-sp/hard\libc_nano.a(lib_a-memset.o)
 .ARM.attributes
                0x00000437       0x1b c:/ac6/systemworkbench/plugins/fr.ac6.mcu.externaltools.arm-none.win32_1.17.0.201812190825/tools/compiler/bin/../lib/gcc/arm-none-eabi/7.3.1/../../../../arm-none-eabi/lib/thumb/v7e-m/fpv4-sp/hard\libc_nano.a(lib_a-strlen.o)
 .ARM.attributes
                0x00000452       0x22 c:/ac6/systemworkbench/plugins/fr.ac6.mcu.externaltools.arm-none.win32_1.17.0.201812190825/tools/compiler/bin/../lib/gcc/arm-none-eabi/7.3.1/thumb/v7e-m/fpv4-sp/hard/crtn.o
OUTPUT(exemplo_RFModSTM32f4x_receptor.elf elf32-littlearm)

.debug_info     0x00000000     0xdc75
 .debug_info    0x00000000     0x1094 Core/Src/RFModSTM32f4x.o
 .debug_info    0x00001094     0x1dbf Core/Src/main.o
 .debug_info    0x00002e53      0xe9e Core/Src/stm32f4xx_hal_msp.o
 .debug_info    0x00003cf1     0x112b Core/Src/stm32f4xx_it.o
 .debug_info    0x00004e1c      0x583 Core/Src/system_stm32f4xx.o
 .debug_info    0x0000539f      0x97a Drivers/STM32F4xx_HAL_Driver/Src/stm32f4xx_hal.o
 .debug_info    0x00005d19      0xef6 Drivers/STM32F4xx_HAL_Driver/Src/stm32f4xx_hal_cortex.o
 .debug_info    0x00006c0f      0x7e4 Drivers/STM32F4xx_HAL_Driver/Src/stm32f4xx_hal_gpio.o
 .debug_info    0x000073f3      0xab9 Drivers/STM32F4xx_HAL_Driver/Src/stm32f4xx_hal_rcc.o
 .debug_info    0x00007eac     0x31d3 Drivers/STM32F4xx_HAL_Driver/Src/stm32f4xx_hal_tim.o
 .debug_info    0x0000b07f     0x14e1 Drivers/STM32F4xx_HAL_Driver/Src/stm32f4xx_hal_tim_ex.o
 .debug_info    0x0000c560     0x1715 Drivers/STM32F4xx_HAL_Driver/Src/stm32f4xx_hal_uart.o

.debug_abbrev   0x00000000     0x1ca2
 .debug_abbrev  0x00000000      0x39f Core/Src/RFModSTM32f4x.o
 .debug_abbrev  0x0000039f      0x31e Core/Src/main.o
 .debug_abbrev  0x000006bd      0x1cb Core/Src/stm32f4xx_hal_msp.o
 .debug_abbrev  0x00000888      0x243 Core/Src/stm32f4xx_it.o
 .debug_abbrev  0x00000acb      0x12b Core/Src/system_stm32f4xx.o
 .debug_abbrev  0x00000bf6      0x218 Drivers/STM32F4xx_HAL_Driver/Src/stm32f4xx_hal.o
 .debug_abbrev  0x00000e0e      0x328 Drivers/STM32F4xx_HAL_Driver/Src/stm32f4xx_hal_cortex.o
 .debug_abbrev  0x00001136      0x1e7 Drivers/STM32F4xx_HAL_Driver/Src/stm32f4xx_hal_gpio.o
 .debug_abbrev  0x0000131d      0x273 Drivers/STM32F4xx_HAL_Driver/Src/stm32f4xx_hal_rcc.o
 .debug_abbrev  0x00001590      0x235 Drivers/STM32F4xx_HAL_Driver/Src/stm32f4xx_hal_tim.o
 .debug_abbrev  0x000017c5      0x246 Drivers/STM32F4xx_HAL_Driver/Src/stm32f4xx_hal_tim_ex.o
 .debug_abbrev  0x00001a0b      0x297 Drivers/STM32F4xx_HAL_Driver/Src/stm32f4xx_hal_uart.o

.debug_loc      0x00000000     0x7531
 .debug_loc     0x00000000      0x38d Core/Src/RFModSTM32f4x.o
 .debug_loc     0x0000038d       0xcf Core/Src/stm32f4xx_hal_msp.o
 .debug_loc     0x0000045c      0x13e Core/Src/system_stm32f4xx.o
 .debug_loc     0x0000059a      0x11b Drivers/STM32F4xx_HAL_Driver/Src/stm32f4xx_hal.o
 .debug_loc     0x000006b5      0x5ce Drivers/STM32F4xx_HAL_Driver/Src/stm32f4xx_hal_cortex.o
 .debug_loc     0x00000c83      0x476 Drivers/STM32F4xx_HAL_Driver/Src/stm32f4xx_hal_gpio.o
 .debug_loc     0x000010f9      0x40f Drivers/STM32F4xx_HAL_Driver/Src/stm32f4xx_hal_rcc.o
 .debug_loc     0x00001508     0x38f0 Drivers/STM32F4xx_HAL_Driver/Src/stm32f4xx_hal_tim.o
 .debug_loc     0x00004df8     0x11a0 Drivers/STM32F4xx_HAL_Driver/Src/stm32f4xx_hal_tim_ex.o
 .debug_loc     0x00005f98     0x1599 Drivers/STM32F4xx_HAL_Driver/Src/stm32f4xx_hal_uart.o

.debug_aranges  0x00000000      0xaf8
 .debug_aranges
                0x00000000       0xa0 Core/Src/RFModSTM32f4x.o
 .debug_aranges
                0x000000a0       0x48 Core/Src/main.o
 .debug_aranges
                0x000000e8       0x40 Core/Src/stm32f4xx_hal_msp.o
 .debug_aranges
                0x00000128       0x68 Core/Src/stm32f4xx_it.o
 .debug_aranges
                0x00000190       0x28 Core/Src/system_stm32f4xx.o
 .debug_aranges
                0x000001b8       0xf0 Drivers/STM32F4xx_HAL_Driver/Src/stm32f4xx_hal.o
 .debug_aranges
                0x000002a8       0xa8 Drivers/STM32F4xx_HAL_Driver/Src/stm32f4xx_hal_cortex.o
 .debug_aranges
                0x00000350       0x58 Drivers/STM32F4xx_HAL_Driver/Src/stm32f4xx_hal_gpio.o
 .debug_aranges
                0x000003a8       0x88 Drivers/STM32F4xx_HAL_Driver/Src/stm32f4xx_hal_rcc.o
 .debug_aranges
                0x00000430      0x3a8 Drivers/STM32F4xx_HAL_Driver/Src/stm32f4xx_hal_tim.o
 .debug_aranges
                0x000007d8      0x150 Drivers/STM32F4xx_HAL_Driver/Src/stm32f4xx_hal_tim_ex.o
 .debug_aranges
                0x00000928      0x1d0 Drivers/STM32F4xx_HAL_Driver/Src/stm32f4xx_hal_uart.o

.debug_ranges   0x00000000      0xae0
 .debug_ranges  0x00000000       0xc0 Core/Src/RFModSTM32f4x.o
 .debug_ranges  0x000000c0       0x38 Core/Src/main.o
 .debug_ranges  0x000000f8       0x30 Core/Src/stm32f4xx_hal_msp.o
 .debug_ranges  0x00000128       0x58 Core/Src/stm32f4xx_it.o
 .debug_ranges  0x00000180       0x18 Core/Src/system_stm32f4xx.o
 .debug_ranges  0x00000198       0xe0 Drivers/STM32F4xx_HAL_Driver/Src/stm32f4xx_hal.o
 .debug_ranges  0x00000278       0xf8 Drivers/STM32F4xx_HAL_Driver/Src/stm32f4xx_hal_cortex.o
 .debug_ranges  0x00000370       0x48 Drivers/STM32F4xx_HAL_Driver/Src/stm32f4xx_hal_gpio.o
 .debug_ranges  0x000003b8       0x90 Drivers/STM32F4xx_HAL_Driver/Src/stm32f4xx_hal_rcc.o
 .debug_ranges  0x00000448      0x398 Drivers/STM32F4xx_HAL_Driver/Src/stm32f4xx_hal_tim.o
 .debug_ranges  0x000007e0      0x140 Drivers/STM32F4xx_HAL_Driver/Src/stm32f4xx_hal_tim_ex.o
 .debug_ranges  0x00000920      0x1c0 Drivers/STM32F4xx_HAL_Driver/Src/stm32f4xx_hal_uart.o

.debug_macro    0x00000000    0x162fe
 .debug_macro   0x00000000      0x2b7 Core/Src/RFModSTM32f4x.o
 .debug_macro   0x000002b7      0xa54 Core/Src/RFModSTM32f4x.o
 .debug_macro   0x00000d0b       0x22 Core/Src/RFModSTM32f4x.o
 .debug_macro   0x00000d2d       0x8e Core/Src/RFModSTM32f4x.o
 .debug_macro   0x00000dbb       0x51 Core/Src/RFModSTM32f4x.o
 .debug_macro   0x00000e0c       0xef Core/Src/RFModSTM32f4x.o
 .debug_macro   0x00000efb       0x6a Core/Src/RFModSTM32f4x.o
 .debug_macro   0x00000f65      0x1df Core/Src/RFModSTM32f4x.o
 .debug_macro   0x00001144       0x22 Core/Src/RFModSTM32f4x.o
 .debug_macro   0x00001166       0x5e Core/Src/RFModSTM32f4x.o
 .debug_macro   0x000011c4       0x18 Core/Src/RFModSTM32f4x.o
 .debug_macro   0x000011dc       0x35 Core/Src/RFModSTM32f4x.o
 .debug_macro   0x00001211       0x34 Core/Src/RFModSTM32f4x.o
 .debug_macro   0x00001245      0x174 Core/Src/RFModSTM32f4x.o
 .debug_macro   0x000013b9       0x58 Core/Src/RFModSTM32f4x.o
 .debug_macro   0x00001411       0x1f Core/Src/RFModSTM32f4x.o
 .debug_macro   0x00001430       0x43 Core/Src/RFModSTM32f4x.o
 .debug_macro   0x00001473       0x20 Core/Src/RFModSTM32f4x.o
 .debug_macro   0x00001493      0x18e Core/Src/RFModSTM32f4x.o
 .debug_macro   0x00001621      0x330 Core/Src/RFModSTM32f4x.o
 .debug_macro   0x00001951       0x10 Core/Src/RFModSTM32f4x.o
 .debug_macro   0x00001961       0x35 Core/Src/RFModSTM32f4x.o
 .debug_macro   0x00001996      0x294 Core/Src/RFModSTM32f4x.o
 .debug_macro   0x00001c2a       0x2e Core/Src/RFModSTM32f4x.o
 .debug_macro   0x00001c58       0x28 Core/Src/RFModSTM32f4x.o
 .debug_macro   0x00001c80       0x1c Core/Src/RFModSTM32f4x.o
 .debug_macro   0x00001c9c       0x22 Core/Src/RFModSTM32f4x.o
 .debug_macro   0x00001cbe       0xd9 Core/Src/RFModSTM32f4x.o
 .debug_macro   0x00001d97     0x102d Core/Src/RFModSTM32f4x.o
 .debug_macro   0x00002dc4      0x11f Core/Src/RFModSTM32f4x.o
 .debug_macro   0x00002ee3     0xb850 Core/Src/RFModSTM32f4x.o
 .debug_macro   0x0000e733       0x43 Core/Src/RFModSTM32f4x.o
 .debug_macro   0x0000e776     0x3659 Core/Src/RFModSTM32f4x.o
 .debug_macro   0x00011dcf       0x54 Core/Src/RFModSTM32f4x.o
 .debug_macro   0x00011e23      0x416 Core/Src/RFModSTM32f4x.o
 .debug_macro   0x00012239      0x9fe Core/Src/RFModSTM32f4x.o
 .debug_macro   0x00012c37      0x117 Core/Src/RFModSTM32f4x.o
 .debug_macro   0x00012d4e       0xf8 Core/Src/RFModSTM32f4x.o
 .debug_macro   0x00012e46       0x27 Core/Src/RFModSTM32f4x.o
 .debug_macro   0x00012e6d      0x15f Core/Src/RFModSTM32f4x.o
 .debug_macro   0x00012fcc      0x287 Core/Src/RFModSTM32f4x.o
 .debug_macro   0x00013253       0x5f Core/Src/RFModSTM32f4x.o
 .debug_macro   0x000132b2      0x236 Core/Src/RFModSTM32f4x.o
 .debug_macro   0x000134e8      0x132 Core/Src/RFModSTM32f4x.o
 .debug_macro   0x0001361a      0x264 Core/Src/RFModSTM32f4x.o
 .debug_macro   0x0001387e       0x2e Core/Src/RFModSTM32f4x.o
 .debug_macro   0x000138ac      0x11a Core/Src/RFModSTM32f4x.o
 .debug_macro   0x000139c6       0x85 Core/Src/RFModSTM32f4x.o
 .debug_macro   0x00013a4b       0x89 Core/Src/RFModSTM32f4x.o
 .debug_macro   0x00013ad4      0x8a0 Core/Src/RFModSTM32f4x.o
 .debug_macro   0x00014374       0x47 Core/Src/RFModSTM32f4x.o
 .debug_macro   0x000143bb      0x287 Core/Src/RFModSTM32f4x.o
 .debug_macro   0x00014642      0x126 Core/Src/RFModSTM32f4x.o
 .debug_macro   0x00014768       0x70 Core/Src/RFModSTM32f4x.o
 .debug_macro   0x000147d8       0x40 Core/Src/RFModSTM32f4x.o
 .debug_macro   0x00014818      0x2b5 Core/Src/main.o
 .debug_macro   0x00014acd       0xdf Core/Src/main.o
 .debug_macro   0x00014bac       0x5a Core/Src/main.o
 .debug_macro   0x00014c06      0x32a Core/Src/main.o
 .debug_macro   0x00014f30      0x1dd Core/Src/stm32f4xx_hal_msp.o
 .debug_macro   0x0001510d      0x2bf Core/Src/stm32f4xx_it.o
 .debug_macro   0x000153cc      0x1d4 Core/Src/system_stm32f4xx.o
 .debug_macro   0x000155a0      0x22e Drivers/STM32F4xx_HAL_Driver/Src/stm32f4xx_hal.o
 .debug_macro   0x000157ce      0x1ce Drivers/STM32F4xx_HAL_Driver/Src/stm32f4xx_hal_cortex.o
 .debug_macro   0x0001599c      0x204 Drivers/STM32F4xx_HAL_Driver/Src/stm32f4xx_hal_gpio.o
 .debug_macro   0x00015ba0      0x1f2 Drivers/STM32F4xx_HAL_Driver/Src/stm32f4xx_hal_rcc.o
 .debug_macro   0x00015d92      0x1cf Drivers/STM32F4xx_HAL_Driver/Src/stm32f4xx_hal_tim.o
 .debug_macro   0x00015f61      0x1ce Drivers/STM32F4xx_HAL_Driver/Src/stm32f4xx_hal_tim_ex.o
 .debug_macro   0x0001612f      0x1cf Drivers/STM32F4xx_HAL_Driver/Src/stm32f4xx_hal_uart.o

.debug_line     0x00000000     0x87cd
 .debug_line    0x00000000      0xa16 Core/Src/RFModSTM32f4x.o
 .debug_line    0x00000a16      0x8eb Core/Src/main.o
 .debug_line    0x00001301      0x7ca Core/Src/stm32f4xx_hal_msp.o
 .debug_line    0x00001acb      0x8be Core/Src/stm32f4xx_it.o
 .debug_line    0x00002389      0x784 Core/Src/system_stm32f4xx.o
 .debug_line    0x00002b0d      0x961 Drivers/STM32F4xx_HAL_Driver/Src/stm32f4xx_hal.o
 .debug_line    0x0000346e      0x9b3 Drivers/STM32F4xx_HAL_Driver/Src/stm32f4xx_hal_cortex.o
 .debug_line    0x00003e21      0x8cb Drivers/STM32F4xx_HAL_Driver/Src/stm32f4xx_hal_gpio.o
 .debug_line    0x000046ec      0x9f4 Drivers/STM32F4xx_HAL_Driver/Src/stm32f4xx_hal_rcc.o
 .debug_line    0x000050e0     0x18ab Drivers/STM32F4xx_HAL_Driver/Src/stm32f4xx_hal_tim.o
 .debug_line    0x0000698b      0xd92 Drivers/STM32F4xx_HAL_Driver/Src/stm32f4xx_hal_tim_ex.o
 .debug_line    0x0000771d     0x10b0 Drivers/STM32F4xx_HAL_Driver/Src/stm32f4xx_hal_uart.o

.debug_str      0x00000000    0x8ab20
 .debug_str     0x00000000    0x877b3 Core/Src/RFModSTM32f4x.o
                              0x87ac8 (size before relaxing)
 .debug_str     0x000877b3      0xa16 Core/Src/main.o
                              0x88434 (size before relaxing)
 .debug_str     0x000881c9      0x477 Core/Src/stm32f4xx_hal_msp.o
                              0x85741 (size before relaxing)
 .debug_str     0x00088640       0xf5 Core/Src/stm32f4xx_it.o
                              0x87e4a (size before relaxing)
 .debug_str     0x00088735       0xc4 Core/Src/system_stm32f4xx.o
                              0x84b9e (size before relaxing)
 .debug_str     0x000887f9      0x58b Drivers/STM32F4xx_HAL_Driver/Src/stm32f4xx_hal.o
                              0x8554e (size before relaxing)
 .debug_str     0x00088d84      0x32d Drivers/STM32F4xx_HAL_Driver/Src/stm32f4xx_hal_cortex.o
                              0x852e6 (size before relaxing)
 .debug_str     0x000890b1      0x1cb Drivers/STM32F4xx_HAL_Driver/Src/stm32f4xx_hal_gpio.o
                              0x84ddd (size before relaxing)
 .debug_str     0x0008927c      0x233 Drivers/STM32F4xx_HAL_Driver/Src/stm32f4xx_hal_rcc.o
                              0x84fb2 (size before relaxing)
 .debug_str     0x000894af      0xcf8 Drivers/STM32F4xx_HAL_Driver/Src/stm32f4xx_hal_tim.o
                              0x85ceb (size before relaxing)
 .debug_str     0x0008a1a7      0x464 Drivers/STM32F4xx_HAL_Driver/Src/stm32f4xx_hal_tim_ex.o
                              0x85503 (size before relaxing)
 .debug_str     0x0008a60b      0x515 Drivers/STM32F4xx_HAL_Driver/Src/stm32f4xx_hal_uart.o
                              0x8544f (size before relaxing)

.comment        0x00000000       0x7f
 .comment       0x00000000       0x7f Core/Src/RFModSTM32f4x.o
                                 0x80 (size before relaxing)
 .comment       0x0000007f       0x80 Core/Src/main.o
 .comment       0x0000007f       0x80 Core/Src/stm32f4xx_hal_msp.o
 .comment       0x0000007f       0x80 Core/Src/stm32f4xx_it.o
 .comment       0x0000007f       0x80 Core/Src/system_stm32f4xx.o
 .comment       0x0000007f       0x80 Drivers/STM32F4xx_HAL_Driver/Src/stm32f4xx_hal.o
 .comment       0x0000007f       0x80 Drivers/STM32F4xx_HAL_Driver/Src/stm32f4xx_hal_cortex.o
 .comment       0x0000007f       0x80 Drivers/STM32F4xx_HAL_Driver/Src/stm32f4xx_hal_gpio.o
 .comment       0x0000007f       0x80 Drivers/STM32F4xx_HAL_Driver/Src/stm32f4xx_hal_rcc.o
 .comment       0x0000007f       0x80 Drivers/STM32F4xx_HAL_Driver/Src/stm32f4xx_hal_tim.o
 .comment       0x0000007f       0x80 Drivers/STM32F4xx_HAL_Driver/Src/stm32f4xx_hal_tim_ex.o
 .comment       0x0000007f       0x80 Drivers/STM32F4xx_HAL_Driver/Src/stm32f4xx_hal_uart.o

.debug_frame    0x00000000     0x1d78
 .debug_frame   0x00000000      0x184 Core/Src/RFModSTM32f4x.o
 .debug_frame   0x00000184       0xc0 Core/Src/main.o
 .debug_frame   0x00000244       0x98 Core/Src/stm32f4xx_hal_msp.o
 .debug_frame   0x000002dc       0xc0 Core/Src/stm32f4xx_it.o
 .debug_frame   0x0000039c       0x30 Core/Src/system_stm32f4xx.o
 .debug_frame   0x000003cc      0x1ec Drivers/STM32F4xx_HAL_Driver/Src/stm32f4xx_hal.o
 .debug_frame   0x000005b8      0x15c Drivers/STM32F4xx_HAL_Driver/Src/stm32f4xx_hal_cortex.o
 .debug_frame   0x00000714       0xd8 Drivers/STM32F4xx_HAL_Driver/Src/stm32f4xx_hal_gpio.o
 .debug_frame   0x000007ec      0x184 Drivers/STM32F4xx_HAL_Driver/Src/stm32f4xx_hal_rcc.o
 .debug_frame   0x00000970      0xa90 Drivers/STM32F4xx_HAL_Driver/Src/stm32f4xx_hal_tim.o
 .debug_frame   0x00001400      0x3b4 Drivers/STM32F4xx_HAL_Driver/Src/stm32f4xx_hal_tim_ex.o
 .debug_frame   0x000017b4      0x4f0 Drivers/STM32F4xx_HAL_Driver/Src/stm32f4xx_hal_uart.o
 .debug_frame   0x00001ca4       0x2c c:/ac6/systemworkbench/plugins/fr.ac6.mcu.externaltools.arm-none.win32_1.17.0.201812190825/tools/compiler/bin/../lib/gcc/arm-none-eabi/7.3.1/thumb/v7e-m/fpv4-sp/hard\libgcc.a(_aeabi_uldivmod.o)
 .debug_frame   0x00001cd0       0x34 c:/ac6/systemworkbench/plugins/fr.ac6.mcu.externaltools.arm-none.win32_1.17.0.201812190825/tools/compiler/bin/../lib/gcc/arm-none-eabi/7.3.1/thumb/v7e-m/fpv4-sp/hard\libgcc.a(_udivmoddi4.o)
 .debug_frame   0x00001d04       0x2c c:/ac6/systemworkbench/plugins/fr.ac6.mcu.externaltools.arm-none.win32_1.17.0.201812190825/tools/compiler/bin/../lib/gcc/arm-none-eabi/7.3.1/../../../../arm-none-eabi/lib/thumb/v7e-m/fpv4-sp/hard\libc_nano.a(lib_a-init.o)
 .debug_frame   0x00001d30       0x28 c:/ac6/systemworkbench/plugins/fr.ac6.mcu.externaltools.arm-none.win32_1.17.0.201812190825/tools/compiler/bin/../lib/gcc/arm-none-eabi/7.3.1/../../../../arm-none-eabi/lib/thumb/v7e-m/fpv4-sp/hard\libc_nano.a(lib_a-memcpy-stub.o)
 .debug_frame   0x00001d58       0x20 c:/ac6/systemworkbench/plugins/fr.ac6.mcu.externaltools.arm-none.win32_1.17.0.201812190825/tools/compiler/bin/../lib/gcc/arm-none-eabi/7.3.1/../../../../arm-none-eabi/lib/thumb/v7e-m/fpv4-sp/hard\libc_nano.a(lib_a-memset.o)
